Component: ARM Compiler 5.06 update 7 (build 960) Tool: armlink [4d3601]

==============================================================================

Section Cross References

    startup_stm32f407xx.o(RESET) refers to startup_stm32f407xx.o(STACK) for __initial_sp
    startup_stm32f407xx.o(RESET) refers to startup_stm32f407xx.o(.text) for Reset_Handler
    startup_stm32f407xx.o(RESET) refers to stm32f4xx_it.o(i.NMI_Handler) for NMI_Handler
    startup_stm32f407xx.o(RESET) refers to stm32f4xx_it.o(i.HardFault_Handler) for HardFault_Handler
    startup_stm32f407xx.o(RESET) refers to stm32f4xx_it.o(i.MemManage_Handler) for MemManage_Handler
    startup_stm32f407xx.o(RESET) refers to stm32f4xx_it.o(i.BusFault_Handler) for BusFault_Handler
    startup_stm32f407xx.o(RESET) refers to stm32f4xx_it.o(i.UsageFault_Handler) for UsageFault_Handler
    startup_stm32f407xx.o(RESET) refers to stm32f4xx_it.o(i.SVC_Handler) for SVC_Handler
    startup_stm32f407xx.o(RESET) refers to stm32f4xx_it.o(i.DebugMon_Handler) for DebugMon_Handler
    startup_stm32f407xx.o(RESET) refers to stm32f4xx_it.o(i.PendSV_Handler) for PendSV_Handler
    startup_stm32f407xx.o(RESET) refers to stm32f4xx_it.o(i.SysTick_Handler) for SysTick_Handler
    startup_stm32f407xx.o(RESET) refers to bsp_wakeup.o(i.EXTI1_IRQHandler) for EXTI1_IRQHandler
    startup_stm32f407xx.o(RESET) refers to stm32f4xx_it.o(i.USART1_IRQHandler) for USART1_IRQHandler
    startup_stm32f407xx.o(RESET) refers to stm32f4xx_it.o(i.USART2_IRQHandler) for USART2_IRQHandler
    startup_stm32f407xx.o(RESET) refers to stm32f4xx_it.o(i.TIM6_DAC_IRQHandler) for TIM6_DAC_IRQHandler
    startup_stm32f407xx.o(.text) refers to system_stm32f4xx.o(i.SystemInit) for SystemInit
    startup_stm32f407xx.o(.text) refers to entry.o(.ARM.Collect$$$$00000000) for __main
    lcd.o(i.LCD_Clear) refers to lcd.o(i.LCD_SetCursor) for LCD_SetCursor
    lcd.o(i.LCD_Clear) refers to lcd.o(i.LCD_WriteRAM_Prepare) for LCD_WriteRAM_Prepare
    lcd.o(i.LCD_Clear) refers to lcd.o(.bss) for lcddev
    lcd.o(i.LCD_Color_Fill) refers to lcd.o(i.LCD_SetCursor) for LCD_SetCursor
    lcd.o(i.LCD_Color_Fill) refers to lcd.o(i.LCD_WriteRAM_Prepare) for LCD_WriteRAM_Prepare
    lcd.o(i.LCD_DisplayOff) refers to lcd.o(i.LCD_WR_REG) for LCD_WR_REG
    lcd.o(i.LCD_DisplayOff) refers to lcd.o(i.LCD_WriteReg) for LCD_WriteReg
    lcd.o(i.LCD_DisplayOff) refers to lcd.o(.bss) for lcddev
    lcd.o(i.LCD_DisplayOn) refers to lcd.o(i.LCD_WR_REG) for LCD_WR_REG
    lcd.o(i.LCD_DisplayOn) refers to lcd.o(i.LCD_WriteReg) for LCD_WriteReg
    lcd.o(i.LCD_DisplayOn) refers to lcd.o(.bss) for lcddev
    lcd.o(i.LCD_Display_Dir) refers to lcd.o(i.LCD_Scan_Dir) for LCD_Scan_Dir
    lcd.o(i.LCD_Display_Dir) refers to lcd.o(.bss) for lcddev
    lcd.o(i.LCD_DrawLine) refers to lcd.o(i.LCD_DrawPoint) for LCD_DrawPoint
    lcd.o(i.LCD_DrawPoint) refers to lcd.o(i.LCD_SetCursor) for LCD_SetCursor
    lcd.o(i.LCD_DrawPoint) refers to lcd.o(i.LCD_WriteRAM_Prepare) for LCD_WriteRAM_Prepare
    lcd.o(i.LCD_DrawPoint) refers to lcd.o(.data) for POINT_COLOR
    lcd.o(i.LCD_DrawRectangle) refers to lcd.o(i.LCD_DrawLine) for LCD_DrawLine
    lcd.o(i.LCD_Draw_Circle) refers to lcd.o(i.LCD_DrawPoint) for LCD_DrawPoint
    lcd.o(i.LCD_Fast_DrawPoint) refers to lcd.o(i.LCD_WR_REG) for LCD_WR_REG
    lcd.o(i.LCD_Fast_DrawPoint) refers to lcd.o(i.LCD_WR_DATA) for LCD_WR_DATA
    lcd.o(i.LCD_Fast_DrawPoint) refers to lcd.o(i.LCD_WriteReg) for LCD_WriteReg
    lcd.o(i.LCD_Fast_DrawPoint) refers to lcd.o(.bss) for lcddev
    lcd.o(i.LCD_Fill) refers to lcd.o(i.LCD_SetCursor) for LCD_SetCursor
    lcd.o(i.LCD_Fill) refers to lcd.o(i.LCD_WriteRAM_Prepare) for LCD_WriteRAM_Prepare
    lcd.o(i.LCD_Fill) refers to lcd.o(.bss) for lcddev
    lcd.o(i.LCD_Init) refers to tim.o(i.delay_ms) for delay_ms
    lcd.o(i.LCD_Init) refers to lcd.o(i.LCD_WriteReg) for LCD_WriteReg
    lcd.o(i.LCD_Init) refers to lcd.o(i.LCD_ReadReg) for LCD_ReadReg
    lcd.o(i.LCD_Init) refers to lcd.o(i.LCD_WR_REG) for LCD_WR_REG
    lcd.o(i.LCD_Init) refers to lcd.o(i.LCD_RD_DATA) for LCD_RD_DATA
    lcd.o(i.LCD_Init) refers to lcd.o(i.LCD_WR_DATA) for LCD_WR_DATA
    lcd.o(i.LCD_Init) refers to lcd.o(.bss) for lcddev
    lcd.o(i.LCD_Init) refers to tim.o(i.delay_us) for delay_us
    lcd.o(i.LCD_Init) refers to lcd.o(i.LCD_SSD_BackLightSet) for LCD_SSD_BackLightSet
    lcd.o(i.LCD_Init) refers to lcd.o(i.LCD_Display_Dir) for LCD_Display_Dir
    lcd.o(i.LCD_Init) refers to stm32f4xx_hal_gpio.o(i.HAL_GPIO_WritePin) for HAL_GPIO_WritePin
    lcd.o(i.LCD_Init) refers to lcd.o(i.LCD_Clear) for LCD_Clear
    lcd.o(i.LCD_ReadPoint) refers to lcd.o(i.LCD_SetCursor) for LCD_SetCursor
    lcd.o(i.LCD_ReadPoint) refers to lcd.o(i.LCD_WR_REG) for LCD_WR_REG
    lcd.o(i.LCD_ReadPoint) refers to lcd.o(i.opt_delay) for opt_delay
    lcd.o(i.LCD_ReadPoint) refers to lcd.o(i.LCD_RD_DATA) for LCD_RD_DATA
    lcd.o(i.LCD_ReadPoint) refers to lcd.o(i.LCD_BGR2RGB) for LCD_BGR2RGB
[...]
    i.HAL_TIM_TriggerCallback                0x08002d80   Section        0  stm32f4xx_hal_tim.o(i.HAL_TIM_TriggerCallback)
    i.HAL_UARTEx_RxEventCallback             0x08002d82   Section        0  stm32f4xx_hal_uart.o(i.HAL_UARTEx_RxEventCallback)
    i.HAL_UART_ErrorCallback                 0x08002d84   Section        0  stm32f4xx_hal_uart.o(i.HAL_UART_ErrorCallback)
    i.HAL_UART_IRQHandler                    0x08002d88   Section        0  stm32f4xx_hal_uart.o(i.HAL_UART_IRQHandler)
    i.HAL_UART_Init                          0x08002fd8   Section        0  stm32f4xx_hal_uart.o(i.HAL_UART_Init)
    i.HAL_UART_MspInit                       0x0800304c   Section        0  usart.o(i.HAL_UART_MspInit)
    i.HAL_UART_Receive_IT                    0x08003168   Section        0  stm32f4xx_hal_uart.o(i.HAL_UART_Receive_IT)
    i.HAL_UART_RxCpltCallback                0x080031ac   Section        0  usart.o(i.HAL_UART_RxCpltCallback)
    i.HAL_UART_Transmit                      0x08003244   Section        0  stm32f4xx_hal_uart.o(i.HAL_UART_Transmit)
    i.HAL_UART_TxCpltCallback                0x08003316   Section        0  stm32f4xx_hal_uart.o(i.HAL_UART_TxCpltCallback)
    i.HardFault_Handler                      0x08003318   Section        0  stm32f4xx_it.o(i.HardFault_Handler)
    i.IIC_Ack                                0x0800331c   Section        0  myiic.o(i.IIC_Ack)
    i.IIC_Init                               0x0800336c   Section        0  myiic.o(i.IIC_Init)
    i.IIC_NAck                               0x080033d0   Section        0  myiic.o(i.IIC_NAck)
    i.IIC_Read_Byte                          0x08003420   Section        0  myiic.o(i.IIC_Read_Byte)
    i.IIC_Send_Byte                          0x0800348c   Section        0  myiic.o(i.IIC_Send_Byte)
    i.IIC_Start                              0x080034f4   Section        0  myiic.o(i.IIC_Start)
    i.IIC_Stop                               0x08003540   Section        0  myiic.o(i.IIC_Stop)
    i.IIC_Wait_Ack                           0x0800358c   Section        0  myiic.o(i.IIC_Wait_Ack)
    i.JudgeStr                               0x080035ec   Section        0  as608.o(i.JudgeStr)
    JudgeStr                                 0x080035ed   Thumb Code   122  as608.o(i.JudgeStr)
    i.LCD_Clear                              0x08003674   Section        0  lcd.o(i.LCD_Clear)
    i.LCD_Display_Dir                        0x080036e0   Section        0  lcd.o(i.LCD_Display_Dir)
    i.LCD_DrawLine                           0x080038b8   Section        0  lcd.o(i.LCD_DrawLine)
    i.LCD_DrawPoint                          0x08003968   Section        0  lcd.o(i.LCD_DrawPoint)
    i.LCD_Draw_Circle                        0x0800398c   Section        0  lcd.o(i.LCD_Draw_Circle)
    i.LCD_Fast_DrawPoint                     0x08003a24   Section        0  lcd.o(i.LCD_Fast_DrawPoint)
    i.LCD_Fill                               0x08003bb0   Section        0  lcd.o(i.LCD_Fill)
    i.LCD_Init                               0x08003c68   Section        0  lcd.o(i.LCD_Init)
    i.LCD_Pow                                0x080075b0   Section        0  lcd.o(i.LCD_Pow)
    i.LCD_RD_DATA                            0x080075c8   Section        0  lcd.o(i.LCD_RD_DATA)
    i.LCD_ReadReg                            0x080075dc   Section        0  lcd.o(i.LCD_ReadReg)
    i.LCD_SSD_BackLightSet                   0x080075f4   Section        0  lcd.o(i.LCD_SSD_BackLightSet)
    i.LCD_Scan_Dir                           0x08007654   Section        0  lcd.o(i.LCD_Scan_Dir)
    i.LCD_Screen_Toggle                      0x0800794c   Section        0  main.o(i.LCD_Screen_Toggle)
    i.LCD_SetCursor                          0x0800817c   Section        0  lcd.o(i.LCD_SetCursor)
    i.LCD_ShowChar                           0x08008330   Section        0  lcd.o(i.LCD_ShowChar)
    i.LCD_ShowNum                            0x08008458   Section        0  lcd.o(i.LCD_ShowNum)
    i.LCD_ShowString                         0x080084ec   Section        0  lcd.o(i.LCD_ShowString)
    i.LCD_WR_DATA                            0x08008554   Section        0  lcd.o(i.LCD_WR_DATA)
    i.LCD_WR_REG                             0x0800856c   Section        0  lcd.o(i.LCD_WR_REG)
    i.LCD_WriteRAM_Prepare                   0x08008584   Section        0  lcd.o(i.LCD_WriteRAM_Prepare)
    i.LCD_WriteReg                           0x08008598   Section        0  lcd.o(i.LCD_WriteReg)
    i.LCD_keyboard_display                   0x080085ac   Section        0  lcd.o(i.LCD_keyboard_display)
    i.MX_FSMC_Init                           0x0800874c   Section        0  fsmc.o(i.MX_FSMC_Init)
    i.MX_GPIO_Init                           0x080087f0   Section        0  gpio.o(i.MX_GPIO_Init)
    i.MX_TIM2_Init                           0x08008ab0   Section        0  tim.o(i.MX_TIM2_Init)
    i.MX_TIM6_Init                           0x08008b18   Section        0  tim.o(i.MX_TIM6_Init)
    i.MX_USART1_UART_Init                    0x08008b64   Section        0  usart.o(i.MX_USART1_UART_Init)
    i.MX_USART2_UART_Init                    0x08008b9c   Section        0  usart.o(i.MX_USART2_UART_Init)
    i.MYUSART_SendData                       0x08008bd4   Section        0  as608.o(i.MYUSART_SendData)
    MYUSART_SendData                         0x08008bd5   Thumb Code    22  as608.o(i.MYUSART_SendData)
    i.MemManage_Handler                      0x08008bf0   Section        0  stm32f4xx_it.o(i.MemManage_Handler)
    i.NMI_Handler                            0x08008bf4   Section        0  stm32f4xx_it.o(i.NMI_Handler)
    i.PS_DeletChar                           0x08008bf8   Section        0  as608.o(i.PS_DeletChar)
    i.PS_Empty                               0x08008c64   Section        0  as608.o(i.PS_Empty)
    i.PS_GenChar                             0x08008c9e   Section        0  as608.o(i.PS_GenChar)
    i.PS_GetImage                            0x08008ce4   Section        0  as608.o(i.PS_GetImage)
    i.PS_HandShake                           0x08008d20   Section        0  as608.o(i.PS_HandShake)
    i.PS_HighSpeedSearch                     0x08008da0   Section        0  as608.o(i.PS_HighSpeedSearch)
    i.PS_Match                               0x08008e30   Section        0  as608.o(i.PS_Match)
    i.PS_ReadSysPara                         0x08008e6c   Section        0  as608.o(i.PS_ReadSysPara)
    i.PS_RegModel                            0x08008f5c   Section        0  as608.o(i.PS_RegModel)
    i.PS_StoreChar                           0x08008f96   Section        0  as608.o(i.PS_StoreChar)
    i.PS_ValidTempleteNum                    0x08008ff8   Section        0  as608.o(i.PS_ValidTempleteNum)
    i.PendSV_Handler                         0x08009080   Section        0  stm32f4xx_it.o(i.PendSV_Handler)
    i.SVC_Handler                            0x08009082   Section        0  stm32f4xx_it.o(i.SVC_Handler)
    i.SendAddr                               0x08009084   Section        0  as608.o(i.SendAddr)
    SendAddr                                 0x08009085   Thumb Code    46  as608.o(i.SendAddr)
    i.SendCheck                              0x080090b8   Section        0  as608.o(i.SendCheck)
    SendCheck                                0x080090b9   Thumb Code    18  as608.o(i.SendCheck)
    i.SendFlag                               0x080090ca   Section        0  as608.o(i.SendFlag)
    SendFlag                                 0x080090cb   Thumb Code    12  as608.o(i.SendFlag)
    i.SendHead                               0x080090d6   Section        0  as608.o(i.SendHead)
    SendHead                                 0x080090d7   Thumb Code    16  as608.o(i.SendHead)
    i.SendLength                             0x080090e6   Section        0  as608.o(i.SendLength)
    SendLength                               0x080090e7   Thumb Code    20  as608.o(i.SendLength)
    i.Sendcmd                                0x080090fa   Section        0  as608.o(i.Sendcmd)
    Sendcmd                                  0x080090fb   Thumb Code    12  as608.o(i.Sendcmd)
    i.ShowErrMessage                         0x08009108   Section        0  main.o(i.ShowErrMessage)
    i.SysTick_Handler                        0x080091b4   Section        0  stm32f4xx_it.o(i.SysTick_Handler)
    i.Sys_Enter_Stop                         0x080091bc   Section        0  bsp_wakeup.o(i.Sys_Enter_Stop)
    i.SystemClock_Config                     0x0800922c   Section        0  main.o(i.SystemClock_Config)
    i.SystemInit                             0x080092e0   Section        0  system_stm32f4xx.o(i.SystemInit)
    i.TIM6_DAC_IRQHandler                    0x080092f4   Section        0  stm32f4xx_it.o(i.TIM6_DAC_IRQHandler)
    i.TIM_Base_SetConfig                     0x08009304   Section        0  stm32f4xx_hal_tim.o(i.TIM_Base_SetConfig)
    i.TIM_ETR_SetConfig                      0x080093dc   Section        0  stm32f4xx_hal_tim.o(i.TIM_ETR_SetConfig)
    i.TIM_ITRx_SetConfig                     0x080093f2   Section        0  stm32f4xx_hal_tim.o(i.TIM_ITRx_SetConfig)
    TIM_ITRx_SetConfig                       0x080093f3   Thumb Code    18  stm32f4xx_hal_tim.o(i.TIM_ITRx_SetConfig)
    i.TIM_TI1_ConfigInputStage               0x08009404   Section        0  stm32f4xx_hal_tim.o(i.TIM_TI1_ConfigInputStage)
    TIM_TI1_ConfigInputStage                 0x08009405   Thumb Code    38  stm32f4xx_hal_tim.o(i.TIM_TI1_ConfigInputStage)
    i.TIM_TI2_ConfigInputStage               0x0800942a   Section        0  stm32f4xx_hal_tim.o(i.TIM_TI2_ConfigInputStage)
    TIM_TI2_ConfigInputStage                 0x0800942b   Thumb Code    40  stm32f4xx_hal_tim.o(i.TIM_TI2_ConfigInputStage)
    i.TP_Adj_Info_Show                       0x08009454   Section        0  touch.o(i.TP_Adj_Info_Show)
    i.TP_Adjust                              0x080095fc   Section        0  touch.o(i.TP_Adjust)
    i.TP_Drow_Touch_Point                    0x08009efc   Section        0  touch.o(i.TP_Drow_Touch_Point)
    i.TP_Get_Adjdata                         0x08009f6c   Section        0  touch.o(i.TP_Get_Adjdata)
    i.TP_Init                                0x0800a01c   Section        0  touch.o(i.TP_Init)
    i.TP_Read_AD                             0x0800a054   Section        0  touch.o(i.TP_Read_AD)
    i.TP_Read_XOY                            0x0800a10c   Section        0  touch.o(i.TP_Read_XOY)
    i.TP_Read_XY                             0x0800a184   Section        0  touch.o(i.TP_Read_XY)
    i.TP_Read_XY2                            0x0800a1b4   Section        0  touch.o(i.TP_Read_XY2)
    i.TP_Save_Adjdata                        0x0800a274   Section        0  touch.o(i.TP_Save_Adjdata)
    i.TP_Scan                                0x0800a2f4   Section        0  touch.o(i.TP_Scan)
    i.TP_Write_Byte                          0x0800a3f4   Section        0  touch.o(i.TP_Write_Byte)
    i.UART_DMAAbortOnError                   0x0800a44c   Section        0  stm32f4xx_hal_uart.o(i.UART_DMAAbortOnError)
    UART_DMAAbortOnError                     0x0800a44d   Thumb Code    20  stm32f4xx_hal_uart.o(i.UART_DMAAbortOnError)
    i.UART_EndRxTransfer                     0x0800a460   Section        0  stm32f4xx_hal_uart.o(i.UART_EndRxTransfer)
    UART_EndRxTransfer                       0x0800a461   Thumb Code    54  stm32f4xx_hal_uart.o(i.UART_EndRxTransfer)
    i.UART_EndTransmit_IT                    0x0800a496   Section        0  stm32f4xx_hal_uart.o(i.UART_EndTransmit_IT)
    UART_EndTransmit_IT                      0x0800a497   Thumb Code    32  stm32f4xx_hal_uart.o(i.UART_EndTransmit_IT)
    i.UART_Receive_IT                        0x0800a4b6   Section        0  stm32f4xx_hal_uart.o(i.UART_Receive_IT)
    UART_Receive_IT                          0x0800a4b7   Thumb Code   190  stm32f4xx_hal_uart.o(i.UART_Receive_IT)
    i.UART_SetConfig                         0x0800a574   Section        0  stm32f4xx_hal_uart.o(i.UART_SetConfig)
    UART_SetConfig                           0x0800a575   Thumb Code   546  stm32f4xx_hal_uart.o(i.UART_SetConfig)
    i.UART_Start_Receive_IT                  0x0800a7a0   Section        0  stm32f4xx_hal_uart.o(i.UART_Start_Receive_IT)
    i.UART_Transmit_IT                       0x0800a7e6   Section        0  stm32f4xx_hal_uart.o(i.UART_Transmit_IT)
    UART_Transmit_IT                         0x0800a7e7   Thumb Code    96  stm32f4xx_hal_uart.o(i.UART_Transmit_IT)
    i.UART_WaitOnFlagUntilTimeout            0x0800a846   Section        0  stm32f4xx_hal_uart.o(i.UART_WaitOnFlagUntilTimeout)
    UART_WaitOnFlagUntilTimeout              0x0800a847   Thumb Code   108  stm32f4xx_hal_uart.o(i.UART_WaitOnFlagUntilTimeout)
    i.USART1_IRQHandler                      0x0800a8b4   Section        0  stm32f4xx_it.o(i.USART1_IRQHandler)
    i.USART2_IRQHandler                      0x0800a8c4   Section        0  stm32f4xx_it.o(i.USART2_IRQHandler)
    i.UsageFault_Handler                     0x0800a8d4   Section        0  stm32f4xx_it.o(i.UsageFault_Handler)
    i.WAKEUP_Init                            0x0800a8d8   Section        0  bsp_wakeup.o(i.WAKEUP_Init)
    i.__0printf                              0x0800a934   Section        0  printfa.o(i.__0printf)
    i.__NVIC_GetPriorityGrouping             0x0800a954   Section        0  stm32f4xx_hal_cortex.o(i.__NVIC_GetPriorityGrouping)
    __NVIC_GetPriorityGrouping               0x0800a955   Thumb Code    10  stm32f4xx_hal_cortex.o(i.__NVIC_GetPriorityGrouping)
    i.__NVIC_SetPriority                     0x0800a964   Section        0  stm32f4xx_hal_cortex.o(i.__NVIC_SetPriority)
    __NVIC_SetPriority                       0x0800a965   Thumb Code    32  stm32f4xx_hal_cortex.o(i.__NVIC_SetPriority)
    i.__aeabi_errno_addr                     0x0800a98c   Section        0  errno.o(i.__aeabi_errno_addr)
    i.__hardfp_sqrt                          0x0800a994   Section        0  sqrt.o(i.__hardfp_sqrt)
    i.__scatterload_copy                     0x0800aa0e   Section       14  handlers.o(i.__scatterload_copy)
    i.__scatterload_null                     0x0800aa1c   Section        2  handlers.o(i.__scatterload_null)
    i.__scatterload_zeroinit                 0x0800aa1e   Section       14  handlers.o(i.__scatterload_zeroinit)
    i.__set_errno                            0x0800aa2c   Section        0  errno.o(i.__set_errno)
    i._fp_digits                             0x0800aa38   Section        0  printfa.o(i._fp_digits)
    _fp_digits                               0x0800aa39   Thumb Code   366  printfa.o(i._fp_digits)
    i._printf_core                           0x0800abbc   Section        0  printfa.o(i._printf_core)
    _printf_core                             0x0800abbd   Thumb Code  1704  printfa.o(i._printf_core)
    i._printf_post_padding                   0x0800b270   Section        0  printfa.o(i._printf_post_padding)
    _printf_post_padding                     0x0800b271   Thumb Code    36  printfa.o(i._printf_post_padding)
    i._printf_pre_padding                    0x0800b294   Section        0  printfa.o(i._printf_pre_padding)
    _printf_pre_padding                      0x0800b295   Thumb Code    46  printfa.o(i._printf_pre_padding)
    i.delay_ms                               0x0800b2c4   Section        0  tim.o(i.delay_ms)
    i.delay_us                               0x0800b324   Section        0  tim.o(i.delay_us)
    i.fputc                                  0x0800b37c   Section        0  main.o(i.fputc)
    i.keyboard_scan                          0x0800b398   Section        0  touch.o(i.keyboard_scan)
    i.main                                   0x0800b4e8   Section        0  main.o(i.main)
    i.passcheck                              0x0800b910   Section        0  main.o(i.passcheck)
    i.press_FR                               0x0800b9d0   Section        0  main.o(i.press_FR)
    .constdata                               0x0800bc3c   Section     6080  lcd.o(.constdata)
    .constdata                               0x0800d3fc   Section        4  touch.o(.constdata)
    .constdata                               0x0800d400   Section        9  main.o(.constdata)
    .constdata                               0x0800d409   Section       24  system_stm32f4xx.o(.constdata)
    .constdata                               0x0800d421   Section      129  ctype_o.o(.constdata)
    .constdata                               0x0800d4a4   Section        4  ctype_o.o(.constdata)
    table                                    0x0800d4a4   Data           4  ctype_o.o(.constdata)
    .conststring                             0x0800d4a8   Section      121  touch.o(.conststring)
    .conststring                             0x0800d524   Section      380  as608.o(.conststring)
    .conststring                             0x0800d6a0   Section       65  main.o(.conststring)
    .data                                    0x20000000   Section        4  lcd.o(.data)
    .data                                    0x20000004   Section       54  touch.o(.data)
    .data                                    0x2000003c   Section        4  as608.o(.data)
    .data                                    0x20000040   Section        1  bsp_wakeup.o(.data)
    .data                                    0x20000044   Section       25  main.o(.data)
    change_times                             0x2000005c   Data           1  main.o(.data)
    .data                                    0x20000060   Section        8  fsmc.o(.data)
    FSMC_Initialized                         0x20000060   Data           4  fsmc.o(.data)
    FSMC_DeInitialized                       0x20000064   Data           4  fsmc.o(.data)
    .data                                    0x20000068   Section        2  usart.o(.data)
    .data                                    0x2000006c   Section        9  stm32f4xx_hal.o(.data)
    .data                                    0x20000078   Section        4  system_stm32f4xx.o(.data)
    .data                                    0x2000007c   Section        4  errno.o(.data)
    _errno                                   0x2000007c   Data           4  errno.o(.data)
    .bss                                     0x20000080   Section       14  lcd.o(.bss)
    .bss                                     0x20000090   Section       12  main.o(.bss)
    .bss                                     0x2000009c   Section       80  fsmc.o(.bss)
    .bss                                     0x200000ec   Section      144  tim.o(.bss)
    .bss                                     0x20000180   Section      936  usart.o(.bss)
    STACK                                    0x20000528   Section     1024  startup_stm32f407xx.o(STACK)

    Global Symbols

    Symbol Name                              Value     Ov Type        Size  Object(Section)

    BuildAttributes$$THM_ISAv4$E$P$D$K$B$S$7EM$VFPi3$EXTD16$VFPS$VFMA$PE$A:L22UL41UL21$X:L11$S22US41US21$IEEE1$IW$USESV6$~STKCKD$USESV7$~SHL$OTIME$ROPI$IEEEJ$EBA8$MICROLIB$REQ8$PRES8$EABIv2 0x00000000   Number         0  anon$$obj.o ABSOLUTE
    __ARM_use_no_argv                        0x00000000   Number         0  main.o ABSOLUTE
    __use_no_errno                           0x00000000   Number         0  useno.o ABSOLUTE
    __use_no_exception_handling              0x00000000   Number         0  useno.o ABSOLUTE
    __use_no_fp                              0x00000000   Number         0  useno.o ABSOLUTE
    __use_no_heap                            0x00000000   Number         0  useno.o ABSOLUTE
    __use_no_heap_region                     0x00000000   Number         0  useno.o ABSOLUTE
    __use_no_semihosting                     0x00000000   Number         0  useno.o ABSOLUTE
    __use_no_semihosting_swi                 0x00000000   Number         0  useno.o ABSOLUTE
    __use_no_signal_handling                 0x00000000   Number         0  useno.o ABSOLUTE
    _printf_a                                0x00000000   Number         0  stubs.o ABSOLUTE
    _printf_c                                0x00000000   Number         0  stubs.o ABSOLUTE
    _printf_charcount                        0x00000000   Number         0  stubs.o ABSOLUTE
    _printf_d                                0x00000000   Number         0  stubs.o ABSOLUTE
    _printf_e                                0x00000000   Number         0  stubs.o ABSOLUTE
    _printf_f                                0x00000000   Number         0  stubs.o ABSOLUTE
    _printf_flags                            0x00000000   Number         0  stubs.o ABSOLUTE
    _printf_fp_dec                           0x00000000   Number         0  stubs.o ABSOLUTE
    _printf_fp_hex                           0x00000000   Number         0  stubs.o ABSOLUTE
    _printf_g                                0x00000000   Number         0  stubs.o ABSOLUTE
    _printf_i                                0x00000000   Number         0  stubs.o ABSOLUTE
    _printf_int_dec                          0x00000000   Number         0  stubs.o ABSOLUTE
    _printf_l                                0x00000000   Number         0  stubs.o ABSOLUTE
    _printf_lc                               0x00000000   Number         0  stubs.o ABSOLUTE
    _printf_ll                               0x00000000   Number         0  stubs.o ABSOLUTE
    _printf_lld                              0x00000000   Number         0  stubs.o ABSOLUTE
    _printf_lli                              0x00000000   Number         0  stubs.o ABSOLUTE
    _printf_llo                              0x00000000   Number         0  stubs.o ABSOLUTE
    _printf_llu                              0x00000000   Number         0  stubs.o ABSOLUTE
    _printf_llx                              0x00000000   Number         0  stubs.o ABSOLUTE
    _printf_longlong_dec                     0x00000000   Number         0  stubs.o ABSOLUTE
    _printf_longlong_hex                     0x00000000   Number         0  stubs.o ABSOLUTE
    _printf_longlong_oct                     0x00000000   Number         0  stubs.o ABSOLUTE
    _printf_ls                               0x00000000   Number         0  stubs.o ABSOLUTE
    _printf_mbtowc                           0x00000000   Number         0  stubs.o ABSOLUTE
    _printf_n                                0x00000000   Number         0  stubs.o ABSOLUTE
    _printf_o                                0x00000000   Number         0  stubs.o ABSOLUTE
    _printf_p                                0x00000000   Number         0  stubs.o ABSOLUTE
    _printf_percent                          0x00000000   Number         0  stubs.o ABSOLUTE
    _printf_pre_padding                      0x00000000   Number         0  stubs.o ABSOLUTE
    _printf_return_value                     0x00000000   Number         0  stubs.o ABSOLUTE
    _printf_s                                0x00000000   Number         0  stubs.o ABSOLUTE
    _printf_sizespec                         0x00000000   Number         0  stubs.o ABSOLUTE
    _printf_str                              0x00000000   Number         0  stubs.o ABSOLUTE
    _printf_truncate_signed                  0x00000000   Number         0  stubs.o ABSOLUTE
    _printf_truncate_unsigned                0x00000000   Number         0  stubs.o ABSOLUTE
    _printf_u                                0x00000000   Number         0  stubs.o ABSOLUTE
    _printf_wc                               0x00000000   Number         0  stubs.o ABSOLUTE
    _printf_wctomb                           0x00000000   Number         0  stubs.o ABSOLUTE
    _printf_widthprec                        0x00000000   Number         0  stubs.o ABSOLUTE
    _printf_x                                0x00000000   Number         0  stubs.o ABSOLUTE
    __arm_fini_                               - Undefined Weak Reference
    __cpp_initialize__aeabi_                  - Undefined Weak Reference
    __cxa_finalize                            - Undefined Weak Reference
    __decompress                              - Undefined Weak Reference
    _clock_init                               - Undefined Weak Reference
    _microlib_exit                            - Undefined Weak Reference
    __Vectors_Size                           0x00000188   Number         0  startup_stm32f407xx.o ABSOLUTE
    __Vectors                                0x08000000   Data           4  startup_stm32f407xx.o(RESET)
    __Vectors_End                            0x08000188   Data           0  startup_stm32f407xx.o(RESET)
    __main                                   0x08000189   Thumb Code     0  entry.o(.ARM.Collect$$$$00000000)
    _main_stk                                0x08000189   Thumb Code     0  entry2.o(.ARM.Collect$$$$00000001)
    _main_scatterload                        0x0800018d   Thumb Code     0  entry5.o(.ARM.Collect$$$$00000004)
    __main_after_scatterload                 0x08000191   Thumb Code     0  entry5.o(.ARM.Collect$$$$00000004)
    _main_clock                              0x08000191   Thumb Code     0  entry7b.o(.ARM.Collect$$$$00000008)
    _main_cpp_init                           0x08000191   Thumb Code     0  entry8b.o(.ARM.Collect$$$$0000000A)
    _main_init                               0x08000191   Thumb Code     0  entry9a.o(.ARM.Collect$$$$0000000B)
    __rt_lib_shutdown_fini                   0x08000199   Thumb Code     0  entry12b.o(.ARM.Collect$$$$0000000E)
    __rt_final_cpp                           0x0800019d   Thumb Code     0  entry10a.o(.ARM.Collect$$$$0000000F)
    __rt_final_exit                          0x0800019d   Thumb Code     0  entry11a.o(.ARM.Collect$$$$00000011)
    Reset_Handler                            0x080001a1   Thumb Code     8  startup_stm32f407xx.o(.text)
    ADC_IRQHandler                           0x080001bb   Thumb Code     0  startup_stm32f407xx.o(.text)
    CAN1_RX0_IRQHandler                      0x080001bb   Thumb Code     0  startup_stm32f407xx.o(.text)
    CAN1_RX1_IRQHandler                      0x080001bb   Thumb Code     0  startup_stm32f407xx.o(.text)
    CAN1_SCE_IRQHandler                      0x080001bb   Thumb Code     0  startup_stm32f407xx.o(.text)
    CAN1_TX_IRQHandler                       0x080001bb   Thumb Code     0  startup_stm32f407xx.o(.text)
    CAN2_RX0_IRQHandler                      0x080001bb   Thumb Code     0  startup_stm32f407xx.o(.text)
    CAN2_RX1_IRQHandler                      0x080001bb   Thumb Code     0  startup_stm32f407xx.o(.text)
    CAN2_SCE_IRQHandler                      0x080001bb   Thumb Code     0  startup_stm32f407xx.o(.text)
    CAN2_TX_IRQHandler                       0x080001bb   Thumb Code     0  startup_stm32f407xx.o(.text)
    DCMI_IRQHandler                          0x080001bb   Thumb Code     0  startup_stm32f407xx.o(.text)
    DMA1_Stream0_IRQHandler                  0x080001bb   Thumb Code     0  startup_stm32f407xx.o(.text)
    DMA1_Stream1_IRQHandler                  0x080001bb   Thumb Code     0  startup_stm32f407xx.o(.text)
    DMA1_Stream2_IRQHandler                  0x080001bb   Thumb Code     0  startup_stm32f407xx.o(.text)
    DMA1_Stream3_IRQHandler                  0x080001bb   Thumb Code     0  startup_stm32f407xx.o(.text)
    DMA1_Stream4_IRQHandler                  0x080001bb   Thumb Code     0  startup_stm32f407xx.o(.text)
    DMA1_Stream5_IRQHandler                  0x080001bb   Thumb Code     0  startup_stm32f407xx.o(.text)
    DMA1_Stream6_IRQHandler                  0x080001bb   Thumb Code     0  startup_stm32f407xx.o(.text)
    DMA1_Stream7_IRQHandler                  0x080001bb   Thumb Code     0  startup_stm32f407xx.o(.text)
    DMA2_Stream0_IRQHandler                  0x080001bb   Thumb Code     0  startup_stm32f407xx.o(.text)
    DMA2_Stream1_IRQHandler                  0x080001bb   Thumb Code     0  startup_stm32f407xx.o(.text)
    DMA2_Stream2_IRQHandler                  0x080001bb   Thumb Code     0  startup_stm32f407xx.o(.text)
    DMA2_Stream3_IRQHandler                  0x080001bb   Thumb Code     0  startup_stm32f407xx.o(.text)
    DMA2_Stream4_IRQHandler                  0x080001bb   Thumb Code     0  startup_stm32f407xx.o(.text)
    DMA2_Stream5_IRQHandler                  0x080001bb   Thumb Code     0  startup_stm32f407xx.o(.text)
    DMA2_Stream6_IRQHandler                  0x080001bb   Thumb Code     0  startup_stm32f407xx.o(.text)
    DMA2_Stream7_IRQHandler                  0x080001bb   Thumb Code     0  startup_stm32f407xx.o(.text)
    ETH_IRQHandler                           0x080001bb   Thumb Code     0  startup_stm32f407xx.o(.text)
    ETH_WKUP_IRQHandler                      0x080001bb   Thumb Code     0  startup_stm32f407xx.o(.text)
    EXTI0_IRQHandler                         0x080001bb   Thumb Code     0  startup_stm32f407xx.o(.text)
    EXTI15_10_IRQHandler                     0x080001bb   Thumb Code     0  startup_stm32f407xx.o(.text)
    EXTI2_IRQHandler                         0x080001bb   Thumb Code     0  startup_stm32f407xx.o(.text)
    EXTI3_IRQHandler                         0x080001bb   Thumb Code     0  startup_stm32f407xx.o(.text)
    EXTI4_IRQHandler                         0x080001bb   Thumb Code     0  startup_stm32f407xx.o(.text)
    EXTI9_5_IRQHandler                       0x080001bb   Thumb Code     0  startup_stm32f407xx.o(.text)
    FLASH_IRQHandler                         0x080001bb   Thumb Code     0  startup_stm32f407xx.o(.text)
    FMC_IRQHandler                           0x080001bb   Thumb Code     0  startup_stm32f407xx.o(.text)
    FPU_IRQHandler                           0x080001bb   Thumb Code     0  startup_stm32f407xx.o(.text)
    HASH_RNG_IRQHandler                      0x080001bb   Thumb Code     0  startup_stm32f407xx.o(.text)
    I2C1_ER_IRQHandler                       0x080001bb   Thumb Code     0  startup_stm32f407xx.o(.text)
    I2C1_EV_IRQHandler                       0x080001bb   Thumb Code     0  startup_stm32f407xx.o(.text)
    I2C2_ER_IRQHandler                       0x080001bb   Thumb Code     0  startup_stm32f407xx.o(.text)
    I2C2_EV_IRQHandler                       0x080001bb   Thumb Code     0  startup_stm32f407xx.o(.text)
    I2C3_ER_IRQHandler                       0x080001bb   Thumb Code     0  startup_stm32f407xx.o(.text)
    I2C3_EV_IRQHandler                       0x080001bb   Thumb Code     0  startup_stm32f407xx.o(.text)
    OTG_FS_IRQHandler                        0x080001bb   Thumb Code     0  startup_stm32f407xx.o(.text)
    OTG_FS_WKUP_IRQHandler                   0x080001bb   Thumb Code     0  startup_stm32f407xx.o(.text)
    OTG_HS_EP1_IN_IRQHandler                 0x080001bb   Thumb Code     0  startup_stm32f407xx.o(.text)
    OTG_HS_EP1_OUT_IRQHandler                0x080001bb   Thumb Code     0  startup_stm32f407xx.o(.text)
    OTG_HS_IRQHandler                        0x080001bb   Thumb Code     0  startup_stm32f407xx.o(.text)
    OTG_HS_WKUP_IRQHandler                   0x080001bb   Thumb Code     0  startup_stm32f407xx.o(.text)
    PVD_IRQHandler                           0x080001bb   Thumb Code     0  startup_stm32f407xx.o(.text)
    RCC_IRQHandler                           0x080001bb   Thumb Code     0  startup_stm32f407xx.o(.text)
    RTC_Alarm_IRQHandler                     0x080001bb   Thumb Code     0  startup_stm32f407xx.o(.text)
    RTC_WKUP_IRQHandler                      0x080001bb   Thumb Code     0  startup_stm32f407xx.o(.text)
    SDIO_IRQHandler                          0x080001bb   Thumb Code     0  startup_stm32f407xx.o(.text)
    SPI1_IRQHandler                          0x080001bb   Thumb Code     0  startup_stm32f407xx.o(.text)
    SPI2_IRQHandler                          0x080001bb   Thumb Code     0  startup_stm32f407xx.o(.text)
    SPI3_IRQHandler                          0x080001bb   Thumb Code     0  startup_stm32f407xx.o(.text)
    TAMP_STAMP_IRQHandler                    0x080001bb   Thumb Code     0  startup_stm32f407xx.o(.text)
    TIM1_BRK_TIM9_IRQHandler                 0x080001bb   Thumb Code     0  startup_stm32f407xx.o(.text)
    TIM1_CC_IRQHandler                       0x080001bb   Thumb Code     0  startup_stm32f407xx.o(.text)
    TIM1_TRG_COM_TIM11_IRQHandler            0x080001bb   Thumb Code     0  startup_stm32f407xx.o(.text)
    TIM1_UP_TIM10_IRQHandler                 0x080001bb   Thumb Code     0  startup_stm32f407xx.o(.text)
    TIM2_IRQHandler                          0x080001bb   Thumb Code     0  startup_stm32f407xx.o(.text)
    TIM3_IRQHandler                          0x080001bb   Thumb Code     0  startup_stm32f407xx.o(.text)
    TIM4_IRQHandler                          0x080001bb   Thumb Code     0  startup_stm32f407xx.o(.text)
    TIM5_IRQHandler                          0x080001bb   Thumb Code     0  startup_stm32f407xx.o(.text)
    TIM7_IRQHandler                          0x080001bb   Thumb Code     0  startup_stm32f407xx.o(.text)
    TIM8_BRK_TIM12_IRQHandler                0x080001bb   Thumb Code     0  startup_stm32f407xx.o(.text)
    TIM8_CC_IRQHandler                       0x080001bb   Thumb Code     0  startup_stm32f407xx.o(.text)
    TIM8_TRG_COM_TIM14_IRQHandler            0x080001bb   Thumb Code     0  startup_stm32f407xx.o(.text)
    TIM8_UP_TIM13_IRQHandler                 0x080001bb   Thumb Code     0  startup_stm32f407xx.o(.text)
    UART4_IRQHandler                         0x080001bb   Thumb Code     0  startup_stm32f407xx.o(.text)
    UART5_IRQHandler                         0x080001bb   Thumb Code     0  startup_stm32f407xx.o(.text)
    USART3_IRQHandler                        0x080001bb   Thumb Code     0  startup_stm32f407xx.o(.text)
    USART6_IRQHandler                        0x080001bb   Thumb Code     0  startup_stm32f407xx.o(.text)
    WWDG_IRQHandler                          0x080001bb   Thumb Code     0  startup_stm32f407xx.o(.text)
    __aeabi_uldivmod                         0x080001c5   Thumb Code    98  uldiv.o(.text)
    __aeabi_memset                           0x08000227   Thumb Code    14  memseta.o(.text)
    __aeabi_memset4                          0x08000227   Thumb Code     0  memseta.o(.text)
    __aeabi_memset8                          0x08000227   Thumb Code     0  memseta.o(.text)
    __aeabi_memclr                           0x08000235   Thumb Code     4  memseta.o(.text)
    __aeabi_memclr4                          0x08000235   Thumb Code     0  memseta.o(.text)
    __aeabi_memclr8                          0x08000235   Thumb Code     0  memseta.o(.text)
    _memset$wrapper                          0x08000239   Thumb Code    18  memseta.o(.text)
    strstr                                   0x0800024b   Thumb Code    36  strstr.o(.text)
    strcpy                                   0x0800026f   Thumb Code    18  strcpy.o(.text)
    atoi                                     0x08000281   Thumb Code    26  atoi.o(.text)
    __aeabi_dmul                             0x0800029b   Thumb Code   228  dmul.o(.text)
    __aeabi_ui2d                             0x0800037f   Thumb Code    26  dfltui.o(.text)
    __aeabi_d2uiz                            0x08000399   Thumb Code    50  dfixui.o(.text)
    __aeabi_f2d                              0x080003cb   Thumb Code    38  f2d.o(.text)
    __aeabi_cdcmpeq                          0x080003f1   Thumb Code     0  cdcmple.o(.text)
    __aeabi_cdcmple                          0x080003f1   Thumb Code    48  cdcmple.o(.text)
    __aeabi_cdrcmple                         0x08000421   Thumb Code    48  cdrcmple.o(.text)
    __aeabi_uidiv                            0x08000451   Thumb Code     0  uidiv.o(.text)
    __aeabi_uidivmod                         0x08000451   Thumb Code    44  uidiv.o(.text)
    __aeabi_llsl                             0x0800047d   Thumb Code    30  llshl.o(.text)
    _ll_shift_l                              0x0800047d   Thumb Code     0  llshl.o(.text)
    __aeabi_llsr                             0x0800049b   Thumb Code    32  llushr.o(.text)
    _ll_ushift_r                             0x0800049b   Thumb Code     0  llushr.o(.text)
    strtol                                   0x080004bb   Thumb Code   112  strtol.o(.text)
    __I$use$fp                               0x0800052b   Thumb Code     0  iusefp.o(.text)
    _double_round                            0x0800052b   Thumb Code    30  depilogue.o(.text)
    _double_epilogue                         0x08000549   Thumb Code   156  depilogue.o(.text)
    __aeabi_dadd                             0x080005e5   Thumb Code   322  dadd.o(.text)
    __aeabi_dsub                             0x08000727   Thumb Code     6  dadd.o(.text)
    __aeabi_drsub                            0x0800072d   Thumb Code     6  dadd.o(.text)
    __aeabi_ddiv                             0x08000733   Thumb Code   222  ddiv.o(.text)
    _dsqrt                                   0x08000811   Thumb Code   162  dsqrt.o(.text)
    __aeabi_d2ulz                            0x080008b3   Thumb Code    48  dfixul.o(.text)
    __scatterload                            0x080008e5   Thumb Code    28  init.o(.text)
    __scatterload_rt2                        0x080008e5   Thumb Code     0  init.o(.text)
    __aeabi_lasr                             0x08000909   Thumb Code    36  llsshr.o(.text)
    _ll_sshift_r                             0x08000909   Thumb Code     0  llsshr.o(.text)
    __rt_ctype_table                         0x0800092d   Thumb Code     4  ctype_o.o(.text)
    _strtoul                                 0x08000935   Thumb Code   158  _strtoul.o(.text)
    _chval                                   0x080009d3   Thumb Code    28  _chval.o(.text)
    AT24CXX_Init                             0x080009ef   Thumb Code     8  24cxx.o(i.AT24CXX_Init)
    AT24CXX_ReadLenByte                      0x080009f7   Thumb Code    44  24cxx.o(i.AT24CXX_ReadLenByte)
    AT24CXX_ReadOneByte                      0x08000a23   Thumb Code    88  24cxx.o(i.AT24CXX_ReadOneByte)
    AT24CXX_WriteLenByte                     0x08000a7b   Thumb Code    42  24cxx.o(i.AT24CXX_WriteLenByte)
    AT24CXX_WriteOneByte                     0x08000aa5   Thumb Code    80  24cxx.o(i.AT24CXX_WriteOneByte)
    Add_FR                                   0x08000af5   Thumb Code   900  main.o(i.Add_FR)
    BusFault_Handler                         0x08000fcd   Thumb Code     4  stm32f4xx_it.o(i.BusFault_Handler)
    DebugMon_Handler                         0x08000fd1   Thumb Code     2  stm32f4xx_it.o(i.DebugMon_Handler)
    Del_FR                                   0x08000fd5   Thumb Code   426  main.o(i.Del_FR)
    EXTI1_IRQHandler                         0x080012c1   Thumb Code    10  bsp_wakeup.o(i.EXTI1_IRQHandler)
    EnsureMessage                            0x080012cd   Thumb Code   140  as608.o(i.EnsureMessage)
    Error_Handler                            0x080015c1   Thumb Code     6  main.o(i.Error_Handler)
    FSMC_NORSRAM_Extended_Timing_Init        0x080015c9   Thumb Code    66  stm32f4xx_ll_fsmc.o(i.FSMC_NORSRAM_Extended_Timing_Init)
    FSMC_NORSRAM_Init                        0x08001611   Thumb Code    88  stm32f4xx_ll_fsmc.o(i.FSMC_NORSRAM_Init)
    FSMC_NORSRAM_Timing_Init                 0x0800166d   Thumb Code    68  stm32f4xx_ll_fsmc.o(i.FSMC_NORSRAM_Timing_Init)
    GET_NUM                                  0x080016b1   Thumb Code   294  main.o(i.GET_NUM)
    HAL_DMA_Abort                            0x08001811   Thumb Code   170  stm32f4xx_hal_dma.o(i.HAL_DMA_Abort)
    HAL_DMA_Abort_IT                         0x080018bb   Thumb Code    40  stm32f4xx_hal_dma.o(i.HAL_DMA_Abort_IT)
    HAL_Delay                                0x080018e5   Thumb Code    36  stm32f4xx_hal.o(i.HAL_Delay)
    HAL_GPIO_EXTI_Callback                   0x080019dd   Thumb Code   332  bsp_wakeup.o(i.HAL_GPIO_EXTI_Callback)
    HAL_GPIO_EXTI_IRQHandler                 0x08001bd5   Thumb Code    24  stm32f4xx_hal_gpio.o(i.HAL_GPIO_EXTI_IRQHandler)
    HAL_GPIO_Init                            0x08001bf1   Thumb Code   470  stm32f4xx_hal_gpio.o(i.HAL_GPIO_Init)
    HAL_GPIO_ReadPin                         0x08001df5   Thumb Code    16  stm32f4xx_hal_gpio.o(i.HAL_GPIO_ReadPin)
    HAL_GPIO_TogglePin                       0x08001e05   Thumb Code    20  stm32f4xx_hal_gpio.o(i.HAL_GPIO_TogglePin)
    HAL_GPIO_WritePin                        0x08001e19   Thumb Code    12  stm32f4xx_hal_gpio.o(i.HAL_GPIO_WritePin)
    HAL_GetTick                              0x08001e25   Thumb Code     6  stm32f4xx_hal.o(i.HAL_GetTick)
    HAL_IncTick                              0x08001e31   Thumb Code    16  stm32f4xx_hal.o(i.HAL_IncTick)
    HAL_Init                                 0x08001e49   Thumb Code    54  stm32f4xx_hal.o(i.HAL_Init)
    HAL_InitTick                             0x08001e85   Thumb Code    64  stm32f4xx_hal.o(i.HAL_InitTick)
    HAL_MspInit                              0x08001ed1   Thumb Code    68  stm32f4xx_hal_msp.o(i.HAL_MspInit)
    HAL_NVIC_DisableIRQ                      0x08001f19   Thumb Code    62  stm32f4xx_hal_cortex.o(i.HAL_NVIC_DisableIRQ)
    HAL_NVIC_EnableIRQ                       0x08001f5d   Thumb Code    32  stm32f4xx_hal_cortex.o(i.HAL_NVIC_EnableIRQ)
    HAL_NVIC_SetPriority                     0x08001f7d   Thumb Code   124  stm32f4xx_hal_cortex.o(i.HAL_NVIC_SetPriority)
    HAL_NVIC_SetPriorityGrouping             0x08001ff9   Thumb Code    32  stm32f4xx_hal_cortex.o(i.HAL_NVIC_SetPriorityGrouping)
    HAL_PWR_EnterSTOPMode                    0x08002021   Thumb Code    54  stm32f4xx_hal_pwr.o(i.HAL_PWR_EnterSTOPMode)
    HAL_RCC_ClockConfig                      0x08002061   Thumb Code   368  stm32f4xx_hal_rcc.o(i.HAL_RCC_ClockConfig)
    HAL_RCC_GetHCLKFreq                      0x080021e5   Thumb Code     6  stm32f4xx_hal_rcc.o(i.HAL_RCC_GetHCLKFreq)
    HAL_RCC_GetPCLK1Freq                     0x080021f1   Thumb Code    22  stm32f4xx_hal_rcc.o(i.HAL_RCC_GetPCLK1Freq)
    HAL_RCC_GetPCLK2Freq                     0x08002211   Thumb Code    22  stm32f4xx_hal_rcc.o(i.HAL_RCC_GetPCLK2Freq)
    HAL_RCC_GetSysClockFreq                  0x08002231   Thumb Code   162  stm32f4xx_hal_rcc.o(i.HAL_RCC_GetSysClockFreq)
    HAL_RCC_OscConfig                        0x080022e1   Thumb Code  1172  stm32f4xx_hal_rcc.o(i.HAL_RCC_OscConfig)
    HAL_ResumeTick                           0x0800277d   Thumb Code    18  stm32f4xx_hal.o(i.HAL_ResumeTick)
    HAL_SRAM_Init                            0x0800278f   Thumb Code    88  stm32f4xx_hal_sram.o(i.HAL_SRAM_Init)
    HAL_SRAM_MspInit                         0x080027e7   Thumb Code    10  fsmc.o(i.HAL_SRAM_MspInit)
    HAL_SYSTICK_Config                       0x080027f1   Thumb Code    52  stm32f4xx_hal_cortex.o(i.HAL_SYSTICK_Config)
    HAL_SuspendTick                          0x08002825   Thumb Code    18  stm32f4xx_hal.o(i.HAL_SuspendTick)
    HAL_TIMEx_BreakCallback                  0x08002837   Thumb Code     2  stm32f4xx_hal_tim_ex.o(i.HAL_TIMEx_BreakCallback)
    HAL_TIMEx_CommutCallback                 0x08002839   Thumb Code     2  stm32f4xx_hal_tim_ex.o(i.HAL_TIMEx_CommutCallback)
    HAL_TIMEx_MasterConfigSynchronization    0x0800283d   Thumb Code   150  stm32f4xx_hal_tim_ex.o(i.HAL_TIMEx_MasterConfigSynchronization)
    HAL_TIM_Base_Init                        0x080028f1   Thumb Code   102  stm32f4xx_hal_tim.o(i.HAL_TIM_Base_Init)
    HAL_TIM_Base_MspInit                     0x08002959   Thumb Code   102  tim.o(i.HAL_TIM_Base_MspInit)
    HAL_TIM_Base_Start_IT                    0x080029c9   Thumb Code   138  stm32f4xx_hal_tim.o(i.HAL_TIM_Base_Start_IT)
    HAL_TIM_Base_Stop_IT                     0x08002a71   Thumb Code    62  stm32f4xx_hal_tim.o(i.HAL_TIM_Base_Stop_IT)
    HAL_TIM_ConfigClockSource                0x08002aaf   Thumb Code   264  stm32f4xx_hal_tim.o(i.HAL_TIM_ConfigClockSource)
    HAL_TIM_IC_CaptureCallback               0x08002bb7   Thumb Code     2  stm32f4xx_hal_tim.o(i.HAL_TIM_IC_CaptureCallback)
    HAL_TIM_IRQHandler                       0x08002bb9   Thumb Code   406  stm32f4xx_hal_tim.o(i.HAL_TIM_IRQHandler)
    HAL_TIM_OC_DelayElapsedCallback          0x08002d4f   Thumb Code     2  stm32f4xx_hal_tim.o(i.HAL_TIM_OC_DelayElapsedCallback)
    HAL_TIM_PWM_PulseFinishedCallback        0x08002d51   Thumb Code     2  stm32f4xx_hal_tim.o(i.HAL_TIM_PWM_PulseFinishedCallback)
    HAL_TIM_PeriodElapsedCallback            0x08002d55   Thumb Code    32  tim.o(i.HAL_TIM_PeriodElapsedCallback)
    HAL_TIM_TriggerCallback                  0x08002d81   Thumb Code     2  stm32f4xx_hal_tim.o(i.HAL_TIM_TriggerCallback)
    HAL_UARTEx_RxEventCallback               0x08002d83   Thumb Code     2  stm32f4xx_hal_uart.o(i.HAL_UARTEx_RxEventCallback)
    HAL_UART_ErrorCallback                   0x08002d85   Thumb Code     2  stm32f4xx_hal_uart.o(i.HAL_UART_ErrorCallback)
    HAL_UART_IRQHandler                      0x08002d89   Thumb Code   586  stm32f4xx_hal_uart.o(i.HAL_UART_IRQHandler)
    HAL_UART_Init                            0x08002fd9   Thumb Code   114  stm32f4xx_hal_uart.o(i.HAL_UART_Init)
    HAL_UART_MspInit                         0x0800304d   Thumb Code   266  usart.o(i.HAL_UART_MspInit)
    HAL_UART_Receive_IT                      0x08003169   Thumb Code    66  stm32f4xx_hal_uart.o(i.HAL_UART_Receive_IT)
    HAL_UART_RxCpltCallback                  0x080031ad   Thumb Code   118  usart.o(i.HAL_UART_RxCpltCallback)
    HAL_UART_Transmit                        0x08003245   Thumb Code   210  stm32f4xx_hal_uart.o(i.HAL_UART_Transmit)
    HAL_UART_TxCpltCallback                  0x08003317   Thumb Code     2  stm32f4xx_hal_uart.o(i.HAL_UART_TxCpltCallback)
    HardFault_Handler                        0x08003319   Thumb Code     4  stm32f4xx_it.o(i.HardFault_Handler)
    IIC_Ack                                  0x0800331d   Thumb Code    66  myiic.o(i.IIC_Ack)
    IIC_Init                                 0x0800336d   Thumb Code    84  myiic.o(i.IIC_Init)
    IIC_NAck                                 0x080033d1   Thumb Code    66  myiic.o(i.IIC_NAck)
    IIC_Read_Byte                            0x08003421   Thumb Code    94  myiic.o(i.IIC_Read_Byte)
    IIC_Send_Byte                            0x0800348d   Thumb Code    90  myiic.o(i.IIC_Send_Byte)
    IIC_Start                                0x080034f5   Thumb Code    64  myiic.o(i.IIC_Start)
    IIC_Stop                                 0x08003541   Thumb Code    62  myiic.o(i.IIC_Stop)
    IIC_Wait_Ack                             0x0800358d   Thumb Code    82  myiic.o(i.IIC_Wait_Ack)
    LCD_Clear                                0x08003675   Thumb Code   100  lcd.o(i.LCD_Clear)
    LCD_Display_Dir                          0x080036e1   Thumb Code   468  lcd.o(i.LCD_Display_Dir)
    LCD_DrawLine                             0x080038b9   Thumb Code   176  lcd.o(i.LCD_DrawLine)
    LCD_DrawPoint                            0x08003969   Thumb Code    28  lcd.o(i.LCD_DrawPoint)
    LCD_Draw_Circle                          0x0800398d   Thumb Code   152  lcd.o(i.LCD_Draw_Circle)
    LCD_Fast_DrawPoint                       0x08003a25   Thumb Code   386  lcd.o(i.LCD_Fast_DrawPoint)
    LCD_Fill                                 0x08003bb1   Thumb Code   180  lcd.o(i.LCD_Fill)
    LCD_Init                                 0x08003c69   Thumb Code 14656  lcd.o(i.LCD_Init)
    LCD_Pow                                  0x080075b1   Thumb Code    22  lcd.o(i.LCD_Pow)
    LCD_RD_DATA                              0x080075c9   Thumb Code    14  lcd.o(i.LCD_RD_DATA)
    LCD_ReadReg                              0x080075dd   Thumb Code    22  lcd.o(i.LCD_ReadReg)
    LCD_SSD_BackLightSet                     0x080075f5   Thumb Code    88  lcd.o(i.LCD_SSD_BackLightSet)
    LCD_Scan_Dir                             0x08007655   Thumb Code   756  lcd.o(i.LCD_Scan_Dir)
    LCD_Screen_Toggle                        0x0800794d   Thumb Code  1890  main.o(i.LCD_Screen_Toggle)
    LCD_SetCursor                            0x0800817d   Thumb Code   430  lcd.o(i.LCD_SetCursor)
    LCD_ShowChar                             0x08008331   Thumb Code   272  lcd.o(i.LCD_ShowChar)
    LCD_ShowNum                              0x08008459   Thumb Code   148  lcd.o(i.LCD_ShowNum)
    LCD_ShowString                           0x080084ed   Thumb Code   102  lcd.o(i.LCD_ShowString)
    LCD_WR_DATA                              0x08008555   Thumb Code    18  lcd.o(i.LCD_WR_DATA)
    LCD_WR_REG                               0x0800856d   Thumb Code    18  lcd.o(i.LCD_WR_REG)
    LCD_WriteRAM_Prepare                     0x08008585   Thumb Code    10  lcd.o(i.LCD_WriteRAM_Prepare)
    LCD_WriteReg                             0x08008599   Thumb Code    14  lcd.o(i.LCD_WriteReg)
    LCD_keyboard_display                     0x080085ad   Thumb Code   382  lcd.o(i.LCD_keyboard_display)
    MX_FSMC_Init                             0x0800874d   Thumb Code   156  fsmc.o(i.MX_FSMC_Init)
    MX_GPIO_Init                             0x080087f1   Thumb Code   670  gpio.o(i.MX_GPIO_Init)
    MX_TIM2_Init                             0x08008ab1   Thumb Code   100  tim.o(i.MX_TIM2_Init)
    MX_TIM6_Init                             0x08008b19   Thumb Code    68  tim.o(i.MX_TIM6_Init)
    MX_USART1_UART_Init                      0x08008b65   Thumb Code    46  usart.o(i.MX_USART1_UART_Init)
    MX_USART2_UART_Init                      0x08008b9d   Thumb Code    46  usart.o(i.MX_USART2_UART_Init)
    MemManage_Handler                        0x08008bf1   Thumb Code     4  stm32f4xx_it.o(i.MemManage_Handler)
    NMI_Handler                              0x08008bf5   Thumb Code     4  stm32f4xx_it.o(i.NMI_Handler)
    PS_DeletChar                             0x08008bf9   Thumb Code   108  as608.o(i.PS_DeletChar)
    PS_Empty                                 0x08008c65   Thumb Code    58  as608.o(i.PS_Empty)
    PS_GenChar                               0x08008c9f   Thumb Code    70  as608.o(i.PS_GenChar)
    PS_GetImage                              0x08008ce5   Thumb Code    58  as608.o(i.PS_GetImage)
    PS_HandShake                             0x08008d21   Thumb Code   118  as608.o(i.PS_HandShake)
    PS_HighSpeedSearch                       0x08008da1   Thumb Code   144  as608.o(i.PS_HighSpeedSearch)
    PS_Match                                 0x08008e31   Thumb Code    58  as608.o(i.PS_Match)
    PS_ReadSysPara                           0x08008e6d   Thumb Code   168  as608.o(i.PS_ReadSysPara)
    PS_RegModel                              0x08008f5d   Thumb Code    58  as608.o(i.PS_RegModel)
    PS_StoreChar                             0x08008f97   Thumb Code    96  as608.o(i.PS_StoreChar)
    PS_ValidTempleteNum                      0x08008ff9   Thumb Code   108  as608.o(i.PS_ValidTempleteNum)
    PendSV_Handler                           0x08009081   Thumb Code     2  stm32f4xx_it.o(i.PendSV_Handler)
    SVC_Handler                              0x08009083   Thumb Code     2  stm32f4xx_it.o(i.SVC_Handler)
    ShowErrMessage                           0x08009109   Thumb Code   148  main.o(i.ShowErrMessage)
    SysTick_Handler                          0x080091b5   Thumb Code     8  stm32f4xx_it.o(i.SysTick_Handler)
    Sys_Enter_Stop                           0x080091bd   Thumb Code    70  bsp_wakeup.o(i.Sys_Enter_Stop)
    SystemClock_Config                       0x0800922d   Thumb Code   172  main.o(i.SystemClock_Config)
    SystemInit                               0x080092e1   Thumb Code    14  system_stm32f4xx.o(i.SystemInit)
    TIM6_DAC_IRQHandler                      0x080092f5   Thumb Code    10  stm32f4xx_it.o(i.TIM6_DAC_IRQHandler)
    TIM_Base_SetConfig                       0x08009305   Thumb Code   170  stm32f4xx_hal_tim.o(i.TIM_Base_SetConfig)
    TIM_ETR_SetConfig                        0x080093dd   Thumb Code    22  stm32f4xx_hal_tim.o(i.TIM_ETR_SetConfig)
    TP_Adj_Info_Show                         0x08009455   Thumb Code   374  touch.o(i.TP_Adj_Info_Show)
    TP_Adjust                                0x080095fd   Thumb Code  2304  touch.o(i.TP_Adjust)
    TP_Drow_Touch_Point                      0x08009efd   Thumb Code   108  touch.o(i.TP_Drow_Touch_Point)
    TP_Get_Adjdata                           0x08009f6d   Thumb Code   160  touch.o(i.TP_Get_Adjdata)
    TP_Init                                  0x0800a01d   Thumb Code    50  touch.o(i.TP_Init)
    TP_Read_AD                               0x0800a055   Thumb Code   172  touch.o(i.TP_Read_AD)
    TP_Read_XOY                              0x0800a10d   Thumb Code   120  touch.o(i.TP_Read_XOY)
    TP_Read_XY                               0x0800a185   Thumb Code    38  touch.o(i.TP_Read_XY)
    TP_Read_XY2                              0x0800a1b5   Thumb Code   192  touch.o(i.TP_Read_XY2)
    TP_Save_Adjdata                          0x0800a275   Thumb Code   118  touch.o(i.TP_Save_Adjdata)
    TP_Scan                                  0x0800a2f5   Thumb Code   246  touch.o(i.TP_Scan)
    TP_Write_Byte                            0x0800a3f5   Thumb Code    80  touch.o(i.TP_Write_Byte)
    UART_Start_Receive_IT                    0x0800a7a1   Thumb Code    70  stm32f4xx_hal_uart.o(i.UART_Start_Receive_IT)
    USART1_IRQHandler                        0x0800a8b5   Thumb Code    10  stm32f4xx_it.o(i.USART1_IRQHandler)
    USART2_IRQHandler                        0x0800a8c5   Thumb Code    10  stm32f4xx_it.o(i.USART2_IRQHandler)
    UsageFault_Handler                       0x0800a8d5   Thumb Code     4  stm32f4xx_it.o(i.UsageFault_Handler)
    WAKEUP_Init                              0x0800a8d9   Thumb Code    78  bsp_wakeup.o(i.WAKEUP_Init)
    __0printf                                0x0800a935   Thumb Code    22  printfa.o(i.__0printf)
    __1printf                                0x0800a935   Thumb Code     0  printfa.o(i.__0printf)
    __2printf                                0x0800a935   Thumb Code     0  printfa.o(i.__0printf)
    __c89printf                              0x0800a935   Thumb Code     0  printfa.o(i.__0printf)
    printf                                   0x0800a935   Thumb Code     0  printfa.o(i.__0printf)
    __aeabi_errno_addr                       0x0800a98d   Thumb Code     4  errno.o(i.__aeabi_errno_addr)
    __rt_errno_addr                          0x0800a98d   Thumb Code     0  errno.o(i.__aeabi_errno_addr)
    __hardfp_sqrt                            0x0800a995   Thumb Code   122  sqrt.o(i.__hardfp_sqrt)
    __scatterload_copy                       0x0800aa0f   Thumb Code    14  handlers.o(i.__scatterload_copy)
    __scatterload_null                       0x0800aa1d   Thumb Code     2  handlers.o(i.__scatterload_null)
    __scatterload_zeroinit                   0x0800aa1f   Thumb Code    14  handlers.o(i.__scatterload_zeroinit)
    __set_errno                              0x0800aa2d   Thumb Code     6  errno.o(i.__set_errno)
    delay_ms                                 0x0800b2c5   Thumb Code    90  tim.o(i.delay_ms)
    delay_us                                 0x0800b325   Thumb Code    84  tim.o(i.delay_us)
    fputc                                    0x0800b37d   Thumb Code    22  main.o(i.fputc)
    keyboard_scan                            0x0800b399   Thumb Code   324  touch.o(i.keyboard_scan)
    main                                     0x0800b4e9   Thumb Code   686  main.o(i.main)
    passcheck                                0x0800b911   Thumb Code   130  main.o(i.passcheck)
    press_FR                                 0x0800b9d1   Thumb Code   474  main.o(i.press_FR)
    asc2_1206                                0x0800bc3c   Data        1140  lcd.o(.constdata)
    asc2_1608                                0x0800c0b0   Data        1520  lcd.o(.constdata)
    asc2_2412                                0x0800c6a0   Data        3420  lcd.o(.constdata)
    TP_REMIND_MSG_TBL                        0x0800d3fc   Data           4  touch.o(.constdata)
    AHBPrescTable                            0x0800d409   Data          16  system_stm32f4xx.o(.constdata)
    APBPrescTable                            0x0800d419   Data           8  system_stm32f4xx.o(.constdata)
    __ctype_table                            0x0800d421   Data         129  ctype_o.o(.constdata)
    Region$$Table$$Base                      0x0800d6e4   Number         0  anon$$obj.o(Region$$Table)
    Region$$Table$$Limit                     0x0800d704   Number         0  anon$$obj.o(Region$$Table)
    POINT_COLOR                              0x20000000   Data           2  lcd.o(.data)
    BACK_COLOR                               0x20000002   Data           2  lcd.o(.data)
    tp_dev                                   0x20000004   Data          52  touch.o(.data)
    CMD_RDX                                  0x20000038   Data           1  touch.o(.data)
    CMD_RDY                                  0x20000039   Data           1  touch.o(.data)
    AS608Addr                                0x2000003c   Data           4  as608.o(.data)
    flag_stop                                0x20000040   Data           1  bsp_wakeup.o(.data)
    __stdout                                 0x20000044   Data           4  main.o(.data)
    ValidN                                   0x20000048   Data           2  main.o(.data)
    res                                      0x2000004a   Data           1  main.o(.data)
    states                                   0x2000004b   Data           1  main.o(.data)
    flag_ID                                  0x2000004c   Data           1  main.o(.data)
    times                                    0x2000004e   Data           2  main.o(.data)
    password                                 0x20000050   Data           4  main.o(.data)
    tempassword                              0x20000054   Data           4  main.o(.data)
    newpassword                              0x20000058   Data           4  main.o(.data)
    USART2_RX_STA                            0x20000068   Data           2  usart.o(.data)
    uwTick                                   0x2000006c   Data           4  stm32f4xx_hal.o(.data)
    uwTickPrio                               0x20000070   Data           4  stm32f4xx_hal.o(.data)
    uwTickFreq                               0x20000074   Data           1  stm32f4xx_hal.o(.data)
    SystemCoreClock                          0x20000078   Data           4  system_stm32f4xx.o(.data)
    lcddev                                   0x20000080   Data          14  lcd.o(.bss)
    AS608Para                                0x20000090   Data          12  main.o(.bss)
    hsram1                                   0x2000009c   Data          80  fsmc.o(.bss)
    htim2                                    0x200000ec   Data          72  tim.o(.bss)
    htim6                                    0x20000134   Data          72  tim.o(.bss)
    huart1                                   0x20000180   Data          68  usart.o(.bss)
    huart2                                   0x200001c4   Data          68  usart.o(.bss)
    USART2_TX_BUF                            0x20000208   Data         400  usart.o(.bss)
    USART2_RX_BUF                            0x20000398   Data         400  usart.o(.bss)
    __initial_sp                             0x20000928   Data           0  startup_stm32f407xx.o(STACK)



==============================================================================

Memory Map of the image

  Image Entry point : 0x08000189

  Load Region LR_IROM1 (Base: 0x08000000, Size: 0x0000d784, Max: 0x00100000, ABSOLUTE)

    Execution Region ER_IROM1 (Exec base: 0x08000000, Load base: 0x08000000, Size: 0x0000d704, Max: 0x00100000, ABSOLUTE)

    Exec Addr    Load Addr    Size         Type   Attr      Idx    E Section Name        Object

    0x08000000   0x08000000   0x00000188   Data   RO            3    RESET               startup_stm32f407xx.o
    0x08000188   0x08000188   0x00000000   Code   RO         4198  * .ARM.Collect$$$$00000000  mc_w.l(entry.o)
    0x08000188   0x08000188   0x00000004   Code   RO         4486    .ARM.Collect$$$$00000001  mc_w.l(entry2.o)
    0x0800018c   0x0800018c   0x00000004   Code   RO         4489    .ARM.Collect$$$$00000004  mc_w.l(entry5.o)
    0x08000190   0x08000190   0x00000000   Code   RO         4491    .ARM.Collect$$$$00000008  mc_w.l(entry7b.o)
    0x08000190   0x08000190   0x00000000   Code   RO         4493    .ARM.Collect$$$$0000000A  mc_w.l(entry8b.o)
    0x08000190   0x08000190   0x00000008   Code   RO         4494    .ARM.Collect$$$$0000000B  mc_w.l(entry9a.o)
    0x08000198   0x08000198   0x00000004   Code   RO         4501    .ARM.Collect$$$$0000000E  mc_w.l(entry12b.o)
    0x0800019c   0x0800019c   0x00000000   Code   RO         4496    .ARM.Collect$$$$0000000F  mc_w.l(entry10a.o)
    0x0800019c   0x0800019c   0x00000000   Code   RO         4498    .ARM.Collect$$$$00000011  mc_w.l(entry11a.o)
    0x0800019c   0x0800019c   0x00000004   Code   RO         4487    .ARM.Collect$$$$00002712  mc_w.l(entry2.o)
    0x080001a0   0x080001a0   0x00000024   Code   RO            4    .text               startup_stm32f407xx.o
    0x080001c4   0x080001c4   0x00000062   Code   RO         4201    .text               mc_w.l(uldiv.o)
    0x08000226   0x08000226   0x00000024   Code   RO         4203    .text               mc_w.l(memseta.o)
    0x0800024a   0x0800024a   0x00000024   Code   RO         4205    .text               mc_w.l(strstr.o)
    0x0800026e   0x0800026e   0x00000012   Code   RO         4209    .text               mc_w.l(strcpy.o)
    0x08000280   0x08000280   0x0000001a   Code   RO         4472    .text               mc_w.l(atoi.o)
    0x0800029a   0x0800029a   0x000000e4   Code   RO         4474    .text               mf_w.l(dmul.o)
    0x0800037e   0x0800037e   0x0000001a   Code   RO         4476    .text               mf_w.l(dfltui.o)
    0x08000398   0x08000398   0x00000032   Code   RO         4478    .text               mf_w.l(dfixui.o)
    0x080003ca   0x080003ca   0x00000026   Code   RO         4480    .text               mf_w.l(f2d.o)
    0x080003f0   0x080003f0   0x00000030   Code   RO         4482    .text               mf_w.l(cdcmple.o)
    0x08000420   0x08000420   0x00000030   Code   RO         4484    .text               mf_w.l(cdrcmple.o)
    0x08000450   0x08000450   0x0000002c   Code   RO         4502    .text               mc_w.l(uidiv.o)
    0x0800047c   0x0800047c   0x0000001e   Code   RO         4504    .text               mc_w.l(llshl.o)
    0x0800049a   0x0800049a   0x00000020   Code   RO         4506    .text               mc_w.l(llushr.o)
    0x080004ba   0x080004ba   0x00000070   Code   RO         4515    .text               mc_w.l(strtol.o)
    0x0800052a   0x0800052a   0x00000000   Code   RO         4517    .text               mc_w.l(iusefp.o)
    0x0800052a   0x0800052a   0x000000ba   Code   RO         4518    .text               mf_w.l(depilogue.o)
    0x080005e4   0x080005e4   0x0000014e   Code   RO         4520    .text               mf_w.l(dadd.o)
    0x08000732   0x08000732   0x000000de   Code   RO         4522    .text               mf_w.l(ddiv.o)
    0x08000810   0x08000810   0x000000a2   Code   RO         4524    .text               mf_w.l(dsqrt.o)
    0x080008b2   0x080008b2   0x00000030   Code   RO         4526    .text               mf_w.l(dfixul.o)
    0x080008e2   0x080008e2   0x00000002   PAD
    0x080008e4   0x080008e4   0x00000024   Code   RO         4528    .text               mc_w.l(init.o)
    0x08000908   0x08000908   0x00000024   Code   RO         4530    .text               mc_w.l(llsshr.o)
    0x0800092c   0x0800092c   0x00000008   Code   RO         4532    .text               mc_w.l(ctype_o.o)
    0x08000934   0x08000934   0x0000009e   Code   RO         4560    .text               mc_w.l(_strtoul.o)
    0x080009d2   0x080009d2   0x0000001c   Code   RO         4562    .text               mc_w.l(_chval.o)
    0x080009ee   0x080009ee   0x00000008   Code   RO          677    i.AT24CXX_Init      24cxx.o
    0x080009f6   0x080009f6   0x0000002c   Code   RO          679    i.AT24CXX_ReadLenByte  24cxx.o
    0x08000a22   0x08000a22   0x00000058   Code   RO          680    i.AT24CXX_ReadOneByte  24cxx.o
    0x08000a7a   0x08000a7a   0x0000002a   Code   RO          682    i.AT24CXX_WriteLenByte  24cxx.o
    0x08000aa4   0x08000aa4   0x00000050   Code   RO          683    i.AT24CXX_WriteOneByte  24cxx.o
    0x08000af4   0x08000af4   0x000004d8   Code   RO          932    i.Add_FR            main.o
    0x08000fcc   0x08000fcc   0x00000004   Code   RO         1255    i.BusFault_Handler  stm32f4xx_it.o
    0x08000fd0   0x08000fd0   0x00000002   Code   RO         1256    i.DebugMon_Handler  stm32f4xx_it.o
    0x08000fd2   0x08000fd2   0x00000002   PAD
    0x08000fd4   0x08000fd4   0x000002ec   Code   RO          933    i.Del_FR            main.o
    0x080012c0   0x080012c0   0x0000000a   Code   RO          742    i.EXTI1_IRQHandler  bsp_wakeup.o
    0x080012ca   0x080012ca   0x00000002   PAD
    0x080012cc   0x080012cc   0x000002f4   Code   RO          489    i.EnsureMessage     as608.o
    0x080015c0   0x080015c0   0x00000006   Code   RO          934    i.Error_Handler     main.o
    0x080015c6   0x080015c6   0x00000002   PAD
    0x080015c8   0x080015c8   0x00000048   Code   RO         1381    i.FSMC_NORSRAM_Extended_Timing_Init  stm32f4xx_ll_fsmc.o
    0x08001610   0x08001610   0x0000005c   Code   RO         1382    i.FSMC_NORSRAM_Init  stm32f4xx_ll_fsmc.o
    0x0800166c   0x0800166c   0x00000044   Code   RO         1383    i.FSMC_NORSRAM_Timing_Init  stm32f4xx_ll_fsmc.o
    0x080016b0   0x080016b0   0x00000160   Code   RO          935    i.GET_NUM           main.o
    0x08001810   0x08001810   0x000000aa   Code   RO         2006    i.HAL_DMA_Abort     stm32f4xx_hal_dma.o
    0x080018ba   0x080018ba   0x00000028   Code   RO         2007    i.HAL_DMA_Abort_IT  stm32f4xx_hal_dma.o
    0x080018e2   0x080018e2   0x00000002   PAD
    0x080018e4   0x080018e4   0x00000028   Code   RO         2430    i.HAL_Delay         stm32f4xx_hal.o
    0x0800190c   0x0800190c   0x000000d0   Code   RO         1068    i.HAL_FSMC_MspInit  fsmc.o
    0x080019dc   0x080019dc   0x000001f8   Code   RO          743    i.HAL_GPIO_EXTI_Callback  bsp_wakeup.o
    0x08001bd4   0x08001bd4   0x0000001c   Code   RO         1898    i.HAL_GPIO_EXTI_IRQHandler  stm32f4xx_hal_gpio.o
    0x08001bf0   0x08001bf0   0x00000204   Code   RO         1899    i.HAL_GPIO_Init     stm32f4xx_hal_gpio.o
    0x08001df4   0x08001df4   0x00000010   Code   RO         1901    i.HAL_GPIO_ReadPin  stm32f4xx_hal_gpio.o
    0x08001e04   0x08001e04   0x00000014   Code   RO         1902    i.HAL_GPIO_TogglePin  stm32f4xx_hal_gpio.o
    0x08001e18   0x08001e18   0x0000000c   Code   RO         1903    i.HAL_GPIO_WritePin  stm32f4xx_hal_gpio.o
    0x08001e24   0x08001e24   0x0000000c   Code   RO         2436    i.HAL_GetTick       stm32f4xx_hal.o
    0x08001e30   0x08001e30   0x00000018   Code   RO         2442    i.HAL_IncTick       stm32f4xx_hal.o
    0x08001e48   0x08001e48   0x0000003c   Code   RO         2443    i.HAL_Init          stm32f4xx_hal.o
    0x08001e84   0x08001e84   0x0000004c   Code   RO         2444    i.HAL_InitTick      stm32f4xx_hal.o
    0x08001ed0   0x08001ed0   0x00000048   Code   RO         1349    i.HAL_MspInit       stm32f4xx_hal_msp.o
    0x08001f18   0x08001f18   0x00000044   Code   RO         2287    i.HAL_NVIC_DisableIRQ  stm32f4xx_hal_cortex.o
    0x08001f5c   0x08001f5c   0x00000020   Code   RO         2288    i.HAL_NVIC_EnableIRQ  stm32f4xx_hal_cortex.o
    0x08001f7c   0x08001f7c   0x0000007c   Code   RO         2294    i.HAL_NVIC_SetPriority  stm32f4xx_hal_cortex.o
    0x08001ff8   0x08001ff8   0x00000028   Code   RO         2295    i.HAL_NVIC_SetPriorityGrouping  stm32f4xx_hal_cortex.o
    0x08002020   0x08002020   0x00000040   Code   RO         2123    i.HAL_PWR_EnterSTOPMode  stm32f4xx_hal_pwr.o
    0x08002060   0x08002060   0x00000184   Code   RO         1500    i.HAL_RCC_ClockConfig  stm32f4xx_hal_rcc.o
    0x080021e4   0x080021e4   0x0000000c   Code   RO         1505    i.HAL_RCC_GetHCLKFreq  stm32f4xx_hal_rcc.o
    0x080021f0   0x080021f0   0x00000020   Code   RO         1507    i.HAL_RCC_GetPCLK1Freq  stm32f4xx_hal_rcc.o
    0x08002210   0x08002210   0x00000020   Code   RO         1508    i.HAL_RCC_GetPCLK2Freq  stm32f4xx_hal_rcc.o
    0x08002230   0x08002230   0x000000b0   Code   RO         1509    i.HAL_RCC_GetSysClockFreq  stm32f4xx_hal_rcc.o
    0x080022e0   0x080022e0   0x0000049c   Code   RO         1512    i.HAL_RCC_OscConfig  stm32f4xx_hal_rcc.o
    0x0800277c   0x0800277c   0x00000012   Code   RO         2447    i.HAL_ResumeTick    stm32f4xx_hal.o
    0x0800278e   0x0800278e   0x00000058   Code   RO         2685    i.HAL_SRAM_Init     stm32f4xx_hal_sram.o
    0x080027e6   0x080027e6   0x0000000a   Code   RO         1070    i.HAL_SRAM_MspInit  fsmc.o
    0x080027f0   0x080027f0   0x00000034   Code   RO         2299    i.HAL_SYSTICK_Config  stm32f4xx_hal_cortex.o
    0x08002824   0x08002824   0x00000012   Code   RO         2449    i.HAL_SuspendTick   stm32f4xx_hal.o
    0x08002836   0x08002836   0x00000002   Code   RO         3518    i.HAL_TIMEx_BreakCallback  stm32f4xx_hal_tim_ex.o
    0x08002838   0x08002838   0x00000002   Code   RO         3519    i.HAL_TIMEx_CommutCallback  stm32f4xx_hal_tim_ex.o
    0x0800283a   0x0800283a   0x00000002   PAD
    0x0800283c   0x0800283c   0x000000b4   Code   RO         3537    i.HAL_TIMEx_MasterConfigSynchronization  stm32f4xx_hal_tim_ex.o
    0x080028f0   0x080028f0   0x00000066   Code   RO         2803    i.HAL_TIM_Base_Init  stm32f4xx_hal_tim.o
    0x08002956   0x08002956   0x00000002   PAD
    0x08002958   0x08002958   0x00000070   Code   RO         1121    i.HAL_TIM_Base_MspInit  tim.o
    0x080029c8   0x080029c8   0x000000a8   Code   RO         2808    i.HAL_TIM_Base_Start_IT  stm32f4xx_hal_tim.o
    0x08002a70   0x08002a70   0x0000003e   Code   RO         2811    i.HAL_TIM_Base_Stop_IT  stm32f4xx_hal_tim.o
    0x08002aae   0x08002aae   0x00000108   Code   RO         2812    i.HAL_TIM_ConfigClockSource  stm32f4xx_hal_tim.o
    0x08002bb6   0x08002bb6   0x00000002   Code   RO         2837    i.HAL_TIM_IC_CaptureCallback  stm32f4xx_hal_tim.o
    0x08002bb8   0x08002bb8   0x00000196   Code   RO         2851    i.HAL_TIM_IRQHandler  stm32f4xx_hal_tim.o
    0x08002d4e   0x08002d4e   0x00000002   Code   RO         2854    i.HAL_TIM_OC_DelayElapsedCallback  stm32f4xx_hal_tim.o
    0x08002d50   0x08002d50   0x00000002   Code   RO         2881    i.HAL_TIM_PWM_PulseFinishedCallback  stm32f4xx_hal_tim.o
    0x08002d52   0x08002d52   0x00000002   PAD
    0x08002d54   0x08002d54   0x0000002c   Code   RO         1122    i.HAL_TIM_PeriodElapsedCallback  tim.o
    0x08002d80   0x08002d80   0x00000002   Code   RO         2894    i.HAL_TIM_TriggerCallback  stm32f4xx_hal_tim.o
    0x08002d82   0x08002d82   0x00000002   Code   RO         3796    i.HAL_UARTEx_RxEventCallback  stm32f4xx_hal_uart.o
    0x08002d84   0x08002d84   0x00000002   Code   RO         3810    i.HAL_UART_ErrorCallback  stm32f4xx_hal_uart.o
    0x08002d86   0x08002d86   0x00000002   PAD
    0x08002d88   0x08002d88   0x00000250   Code   RO         3813    i.HAL_UART_IRQHandler  stm32f4xx_hal_uart.o
    0x08002fd8   0x08002fd8   0x00000072   Code   RO         3814    i.HAL_UART_Init     stm32f4xx_hal_uart.o
    0x0800304a   0x0800304a   0x00000002   PAD
    0x0800304c   0x0800304c   0x0000011c   Code   RO         1187    i.HAL_UART_MspInit  usart.o
    0x08003168   0x08003168   0x00000042   Code   RO         3819    i.HAL_UART_Receive_IT  stm32f4xx_hal_uart.o
    0x080031aa   0x080031aa   0x00000002   PAD
    0x080031ac   0x080031ac   0x00000098   Code   RO         1188    i.HAL_UART_RxCpltCallback  usart.o
    0x08003244   0x08003244   0x000000d2   Code   RO         3822    i.HAL_UART_Transmit  stm32f4xx_hal_uart.o
    0x08003316   0x08003316   0x00000002   Code   RO         3825    i.HAL_UART_TxCpltCallback  stm32f4xx_hal_uart.o
    0x08003318   0x08003318   0x00000004   Code   RO         1257    i.HardFault_Handler  stm32f4xx_it.o
    0x0800331c   0x0800331c   0x00000050   Code   RO          815    i.IIC_Ack           myiic.o
    0x0800336c   0x0800336c   0x00000064   Code   RO          816    i.IIC_Init          myiic.o
    0x080033d0   0x080033d0   0x00000050   Code   RO          817    i.IIC_NAck          myiic.o
    0x08003420   0x08003420   0x0000006c   Code   RO          818    i.IIC_Read_Byte     myiic.o
    0x0800348c   0x0800348c   0x00000068   Code   RO          819    i.IIC_Send_Byte     myiic.o
    0x080034f4   0x080034f4   0x0000004c   Code   RO          820    i.IIC_Start         myiic.o
    0x08003540   0x08003540   0x0000004c   Code   RO          821    i.IIC_Stop          myiic.o
    0x0800358c   0x0800358c   0x00000060   Code   RO          822    i.IIC_Wait_Ack      myiic.o
    0x080035ec   0x080035ec   0x00000088   Code   RO          490    i.JudgeStr          as608.o
    0x08003674   0x08003674   0x0000006c   Code   RO           14    i.LCD_Clear         lcd.o
    0x080036e0   0x080036e0   0x000001d8   Code   RO           18    i.LCD_Display_Dir   lcd.o
    0x080038b8   0x080038b8   0x000000b0   Code   RO           19    i.LCD_DrawLine      lcd.o
    0x08003968   0x08003968   0x00000024   Code   RO           20    i.LCD_DrawPoint     lcd.o
    0x0800398c   0x0800398c   0x00000098   Code   RO           22    i.LCD_Draw_Circle   lcd.o
    0x08003a24   0x08003a24   0x0000018c   Code   RO           23    i.LCD_Fast_DrawPoint  lcd.o
    0x08003bb0   0x08003bb0   0x000000b8   Code   RO           24    i.LCD_Fill          lcd.o
    0x08003c68   0x08003c68   0x00003948   Code   RO           25    i.LCD_Init          lcd.o
    0x080075b0   0x080075b0   0x00000016   Code   RO           26    i.LCD_Pow           lcd.o
    0x080075c6   0x080075c6   0x00000002   PAD
    0x080075c8   0x080075c8   0x00000014   Code   RO           27    i.LCD_RD_DATA       lcd.o
    0x080075dc   0x080075dc   0x00000016   Code   RO           29    i.LCD_ReadReg       lcd.o
    0x080075f2   0x080075f2   0x00000002   PAD
    0x080075f4   0x080075f4   0x00000060   Code   RO           30    i.LCD_SSD_BackLightSet  lcd.o
    0x08007654   0x08007654   0x000002f8   Code   RO           31    i.LCD_Scan_Dir      lcd.o
    0x0800794c   0x0800794c   0x00000830   Code   RO          936    i.LCD_Screen_Toggle  main.o
    0x0800817c   0x0800817c   0x000001b4   Code   RO           32    i.LCD_SetCursor     lcd.o
    0x08008330   0x08008330   0x00000128   Code   RO           34    i.LCD_ShowChar      lcd.o
    0x08008458   0x08008458   0x00000094   Code   RO           35    i.LCD_ShowNum       lcd.o
    0x080084ec   0x080084ec   0x00000066   Code   RO           36    i.LCD_ShowString    lcd.o
    0x08008552   0x08008552   0x00000002   PAD
    0x08008554   0x08008554   0x00000018   Code   RO           38    i.LCD_WR_DATA       lcd.o
    0x0800856c   0x0800856c   0x00000018   Code   RO           39    i.LCD_WR_REG        lcd.o
    0x08008584   0x08008584   0x00000014   Code   RO           41    i.LCD_WriteRAM_Prepare  lcd.o
    0x08008598   0x08008598   0x00000014   Code   RO           42    i.LCD_WriteReg      lcd.o
    0x080085ac   0x080085ac   0x000001a0   Code   RO           43    i.LCD_keyboard_display  lcd.o
    0x0800874c   0x0800874c   0x000000a4   Code   RO         1071    i.MX_FSMC_Init      fsmc.o
    0x080087f0   0x080087f0   0x000002c0   Code   RO         1037    i.MX_GPIO_Init      gpio.o
    0x08008ab0   0x08008ab0   0x00000068   Code   RO         1123    i.MX_TIM2_Init      tim.o
    0x08008b18   0x08008b18   0x0000004c   Code   RO         1124    i.MX_TIM6_Init      tim.o
    0x08008b64   0x08008b64   0x00000038   Code   RO         1189    i.MX_USART1_UART_Init  usart.o
    0x08008b9c   0x08008b9c   0x00000038   Code   RO         1190    i.MX_USART2_UART_Init  usart.o
    0x08008bd4   0x08008bd4   0x0000001c   Code   RO          491    i.MYUSART_SendData  as608.o
    0x08008bf0   0x08008bf0   0x00000004   Code   RO         1258    i.MemManage_Handler  stm32f4xx_it.o
    0x08008bf4   0x08008bf4   0x00000004   Code   RO         1259    i.NMI_Handler       stm32f4xx_it.o
    0x08008bf8   0x08008bf8   0x0000006c   Code   RO          492    i.PS_DeletChar      as608.o
    0x08008c64   0x08008c64   0x0000003a   Code   RO          493    i.PS_Empty          as608.o
    0x08008c9e   0x08008c9e   0x00000046   Code   RO          494    i.PS_GenChar        as608.o
    0x08008ce4   0x08008ce4   0x0000003a   Code   RO          495    i.PS_GetImage       as608.o
    0x08008d1e   0x08008d1e   0x00000002   PAD
    0x08008d20   0x08008d20   0x00000080   Code   RO          496    i.PS_HandShake      as608.o
    0x08008da0   0x08008da0   0x00000090   Code   RO          497    i.PS_HighSpeedSearch  as608.o
    0x08008e30   0x08008e30   0x0000003a   Code   RO          498    i.PS_Match          as608.o
    0x08008e6a   0x08008e6a   0x00000002   PAD
    0x08008e6c   0x08008e6c   0x000000f0   Code   RO          500    i.PS_ReadSysPara    as608.o
    0x08008f5c   0x08008f5c   0x0000003a   Code   RO          501    i.PS_RegModel       as608.o
    0x08008f96   0x08008f96   0x00000060   Code   RO          504    i.PS_StoreChar      as608.o
    0x08008ff6   0x08008ff6   0x00000002   PAD
    0x08008ff8   0x08008ff8   0x00000088   Code   RO          505    i.PS_ValidTempleteNum  as608.o
    0x08009080   0x08009080   0x00000002   Code   RO         1260    i.PendSV_Handler    stm32f4xx_it.o
    0x08009082   0x08009082   0x00000002   Code   RO         1261    i.SVC_Handler       stm32f4xx_it.o
    0x08009084   0x08009084   0x00000034   Code   RO          508    i.SendAddr          as608.o
    0x080090b8   0x080090b8   0x00000012   Code   RO          509    i.SendCheck         as608.o
    0x080090ca   0x080090ca   0x0000000c   Code   RO          510    i.SendFlag          as608.o
    0x080090d6   0x080090d6   0x00000010   Code   RO          511    i.SendHead          as608.o
    0x080090e6   0x080090e6   0x00000014   Code   RO          512    i.SendLength        as608.o
    0x080090fa   0x080090fa   0x0000000c   Code   RO          513    i.Sendcmd           as608.o
    0x08009106   0x08009106   0x00000002   PAD
    0x08009108   0x08009108   0x000000ac   Code   RO          937    i.ShowErrMessage    main.o
    0x080091b4   0x080091b4   0x00000008   Code   RO         1262    i.SysTick_Handler   stm32f4xx_it.o
    0x080091bc   0x080091bc   0x00000070   Code   RO          745    i.Sys_Enter_Stop    bsp_wakeup.o
    0x0800922c   0x0800922c   0x000000b4   Code   RO          938    i.SystemClock_Config  main.o
    0x080092e0   0x080092e0   0x00000014   Code   RO         4153    i.SystemInit        system_stm32f4xx.o
    0x080092f4   0x080092f4   0x00000010   Code   RO         1263    i.TIM6_DAC_IRQHandler  stm32f4xx_it.o
    0x08009304   0x08009304   0x000000d8   Code   RO         2896    i.TIM_Base_SetConfig  stm32f4xx_hal_tim.o
    0x080093dc   0x080093dc   0x00000016   Code   RO         2907    i.TIM_ETR_SetConfig  stm32f4xx_hal_tim.o
    0x080093f2   0x080093f2   0x00000012   Code   RO         2908    i.TIM_ITRx_SetConfig  stm32f4xx_hal_tim.o
    0x08009404   0x08009404   0x00000026   Code   RO         2914    i.TIM_TI1_ConfigInputStage  stm32f4xx_hal_tim.o
    0x0800942a   0x0800942a   0x00000028   Code   RO         2916    i.TIM_TI2_ConfigInputStage  stm32f4xx_hal_tim.o
    0x08009452   0x08009452   0x00000002   PAD
    0x08009454   0x08009454   0x000001a8   Code   RO          345    i.TP_Adj_Info_Show  touch.o
    0x080095fc   0x080095fc   0x00000900   Code   RO          346    i.TP_Adjust         touch.o
    0x08009efc   0x08009efc   0x00000070   Code   RO          348    i.TP_Drow_Touch_Point  touch.o
    0x08009f6c   0x08009f6c   0x000000b0   Code   RO          349    i.TP_Get_Adjdata    touch.o
    0x0800a01c   0x0800a01c   0x00000038   Code   RO          350    i.TP_Init           touch.o
    0x0800a054   0x0800a054   0x000000b8   Code   RO          351    i.TP_Read_AD        touch.o
    0x0800a10c   0x0800a10c   0x00000078   Code   RO          352    i.TP_Read_XOY       touch.o
    0x0800a184   0x0800a184   0x00000030   Code   RO          353    i.TP_Read_XY        touch.o
    0x0800a1b4   0x0800a1b4   0x000000c0   Code   RO          354    i.TP_Read_XY2       touch.o
    0x0800a274   0x0800a274   0x00000080   Code   RO          355    i.TP_Save_Adjdata   touch.o
    0x0800a2f4   0x0800a2f4   0x00000100   Code   RO          356    i.TP_Scan           touch.o
    0x0800a3f4   0x0800a3f4   0x00000058   Code   RO          357    i.TP_Write_Byte     touch.o
    0x0800a44c   0x0800a44c   0x00000014   Code   RO         3827    i.UART_DMAAbortOnError  stm32f4xx_hal_uart.o
    0x0800a460   0x0800a460   0x00000036   Code   RO         3837    i.UART_EndRxTransfer  stm32f4xx_hal_uart.o
    0x0800a496   0x0800a496   0x00000020   Code   RO         3838    i.UART_EndTransmit_IT  stm32f4xx_hal_uart.o
    0x0800a4b6   0x0800a4b6   0x000000be   Code   RO         3840    i.UART_Receive_IT   stm32f4xx_hal_uart.o
    0x0800a574   0x0800a574   0x0000022c   Code   RO         3841    i.UART_SetConfig    stm32f4xx_hal_uart.o
    0x0800a7a0   0x0800a7a0   0x00000046   Code   RO         3843    i.UART_Start_Receive_IT  stm32f4xx_hal_uart.o
    0x0800a7e6   0x0800a7e6   0x00000060   Code   RO         3844    i.UART_Transmit_IT  stm32f4xx_hal_uart.o
    0x0800a846   0x0800a846   0x0000006c   Code   RO         3845    i.UART_WaitOnFlagUntilTimeout  stm32f4xx_hal_uart.o
    0x0800a8b2   0x0800a8b2   0x00000002   PAD
    0x0800a8b4   0x0800a8b4   0x00000010   Code   RO         1264    i.USART1_IRQHandler  stm32f4xx_it.o
    0x0800a8c4   0x0800a8c4   0x00000010   Code   RO         1265    i.USART2_IRQHandler  stm32f4xx_it.o
    0x0800a8d4   0x0800a8d4   0x00000004   Code   RO         1266    i.UsageFault_Handler  stm32f4xx_it.o
    0x0800a8d8   0x0800a8d8   0x0000005c   Code   RO          746    i.WAKEUP_Init       bsp_wakeup.o
    0x0800a934   0x0800a934   0x00000020   Code   RO         4444    i.__0printf         mc_w.l(printfa.o)
    0x0800a954   0x0800a954   0x00000010   Code   RO         2301    i.__NVIC_GetPriorityGrouping  stm32f4xx_hal_cortex.o
    0x0800a964   0x0800a964   0x00000028   Code   RO         2302    i.__NVIC_SetPriority  stm32f4xx_hal_cortex.o
    0x0800a98c   0x0800a98c   0x00000008   Code   RO         4508    i.__aeabi_errno_addr  mc_w.l(errno.o)
    0x0800a994   0x0800a994   0x0000007a   Code   RO         4186    i.__hardfp_sqrt     m_wm.l(sqrt.o)
    0x0800aa0e   0x0800aa0e   0x0000000e   Code   RO         4566    i.__scatterload_copy  mc_w.l(handlers.o)
    0x0800aa1c   0x0800aa1c   0x00000002   Code   RO         4567    i.__scatterload_null  mc_w.l(handlers.o)
    0x0800aa1e   0x0800aa1e   0x0000000e   Code   RO         4568    i.__scatterload_zeroinit  mc_w.l(handlers.o)
    0x0800aa2c   0x0800aa2c   0x0000000c   Code   RO         4510    i.__set_errno       mc_w.l(errno.o)
    0x0800aa38   0x0800aa38   0x00000184   Code   RO         4451    i._fp_digits        mc_w.l(printfa.o)
    0x0800abbc   0x0800abbc   0x000006b4   Code   RO         4452    i._printf_core      mc_w.l(printfa.o)
    0x0800b270   0x0800b270   0x00000024   Code   RO         4453    i._printf_post_padding  mc_w.l(printfa.o)
    0x0800b294   0x0800b294   0x0000002e   Code   RO         4454    i._printf_pre_padding  mc_w.l(printfa.o)
    0x0800b2c2   0x0800b2c2   0x00000002   PAD
    0x0800b2c4   0x0800b2c4   0x00000060   Code   RO         1125    i.delay_ms          tim.o
    0x0800b324   0x0800b324   0x00000058   Code   RO         1126    i.delay_us          tim.o
    0x0800b37c   0x0800b37c   0x0000001c   Code   RO          940    i.fputc             main.o
    0x0800b398   0x0800b398   0x00000150   Code   RO          358    i.keyboard_scan     touch.o
    0x0800b4e8   0x0800b4e8   0x00000428   Code   RO          941    i.main              main.o
    0x0800b910   0x0800b910   0x000000c0   Code   RO          942    i.passcheck         main.o
    0x0800b9d0   0x0800b9d0   0x0000026c   Code   RO          943    i.press_FR          main.o
    0x0800bc3c   0x0800bc3c   0x000017c0   Data   RO           46    .constdata          lcd.o
    0x0800d3fc   0x0800d3fc   0x00000004   Data   RO          360    .constdata          touch.o
    0x0800d400   0x0800d400   0x00000009   Data   RO          945    .constdata          main.o
    0x0800d409   0x0800d409   0x00000018   Data   RO         4154    .constdata          system_stm32f4xx.o
    0x0800d421   0x0800d421   0x00000081   Data   RO         4533    .constdata          mc_w.l(ctype_o.o)
    0x0800d4a2   0x0800d4a2   0x00000002   PAD
    0x0800d4a4   0x0800d4a4   0x00000004   Data   RO         4534    .constdata          mc_w.l(ctype_o.o)
    0x0800d4a8   0x0800d4a8   0x00000079   Data   RO          361    .conststring        touch.o
    0x0800d521   0x0800d521   0x00000003   PAD
    0x0800d524   0x0800d524   0x0000017c   Data   RO          514    .conststring        as608.o
    0x0800d6a0   0x0800d6a0   0x00000041   Data   RO          946    .conststring        main.o
    0x0800d6e1   0x0800d6e1   0x00000003   PAD
    0x0800d6e4   0x0800d6e4   0x00000020   Data   RO         4564    Region$$Table       anon$$obj.o


    Execution Region RW_IRAM2 (Exec base: 0x10000000, Load base: 0x0800d784, Size: 0x00000000, Max: 0x00010000, ABSOLUTE, UNINIT)

    **** No section assigned to this execution region ****


    Execution Region RW_IRAM1 (Exec base: 0x20000000, Load base: 0x0800d704, Size: 0x00000928, Max: 0x00020000, ABSOLUTE)

    Exec Addr    Load Addr    Size         Type   Attr      Idx    E Section Name        Object

    0x20000000   0x0800d704   0x00000004   Data   RW           47    .data               lcd.o
    0x20000004   0x0800d708   0x00000036   Data   RW          362    .data               touch.o
    0x2000003a   0x0800d73e   0x00000002   PAD
    0x2000003c   0x0800d740   0x00000004   Data   RW          515    .data               as608.o
    0x20000040   0x0800d744   0x00000001   Data   RW          747    .data               bsp_wakeup.o
    0x20000041   0x0800d745   0x00000003   PAD
    0x20000044   0x0800d748   0x00000019   Data   RW          947    .data               main.o
    0x2000005d   0x0800d761   0x00000003   PAD
    0x20000060   0x0800d764   0x00000008   Data   RW         1073    .data               fsmc.o
    0x20000068   0x0800d76c   0x00000002   Data   RW         1193    .data               usart.o
    0x2000006a   0x0800d76e   0x00000002   PAD
    0x2000006c   0x0800d770   0x00000009   Data   RW         2450    .data               stm32f4xx_hal.o
    0x20000075   0x0800d779   0x00000003   PAD
    0x20000078   0x0800d77c   0x00000004   Data   RW         4155    .data               system_stm32f4xx.o
    0x2000007c   0x0800d780   0x00000004   Data   RW         4511    .data               mc_w.l(errno.o)
    0x20000080        -       0x0000000e   Zero   RW           45    .bss                lcd.o
    0x2000008e   0x0800d784   0x00000002   PAD
    0x20000090        -       0x0000000c   Zero   RW          944    .bss                main.o
    0x2000009c        -       0x00000050   Zero   RW         1072    .bss                fsmc.o
    0x200000ec        -       0x00000090   Zero   RW         1127    .bss                tim.o
    0x2000017c   0x0800d784   0x00000004   PAD
    0x20000180        -       0x000003a8   Zero   RW         1192    .bss                usart.o
    0x20000528        -       0x00000400   Zero   RW            1    STACK               startup_stm32f407xx.o


==============================================================================

Image component sizes


      Code (inc. data)   RO Data    RW Data    ZI Data      Debug   Object Name

       262          0          0          0          0       3029   24cxx.o
      2204        786        380          4          0      13316   as608.o
       718        228          0          1          0       3598   bsp_wakeup.o
       382         34          0          8         80       2331   fsmc.o
       704         34          0          0          0       1431   gpio.o
     18594        204       6080          4         14     728018   lcd.o
      6698       2134         74         25         12       9937   main.o
       720        112          0          0          0       4634   myiic.o
        36          8        392          0       1024        824   startup_stm32f407xx.o
       248         36          0          9          0      10328   stm32f4xx_hal.o
       372         28          0          0          0      35109   stm32f4xx_hal_cortex.o
       210          0          0          0          0       1919   stm32f4xx_hal_dma.o
       592         50          0          0          0       3991   stm32f4xx_hal_gpio.o
        72          4          0          0          0        834   stm32f4xx_hal_msp.o
        64         10          0          0          0        628   stm32f4xx_hal_pwr.o
      1820         84          0          0          0       5544   stm32f4xx_hal_rcc.o
        88          0          0          0          0       1180   stm32f4xx_hal_sram.o
      1344         76          0          0          0      10098   stm32f4xx_hal_tim.o
       184         30          0          0          0       2449   stm32f4xx_hal_tim_ex.o
      2114         16          0          0          0      11544   stm32f4xx_hal_uart.o
        82         18          0          0          0       5576   stm32f4xx_it.o
       232         10          0          0          0       2683   stm32f4xx_ll_fsmc.o
        20          6         24          4          0       1091   system_stm32f4xx.o
       520         44          0          0        144       3793   tim.o
      4424        250        125         54          0      11017   touch.o
       548         72          0          2        936       3091   usart.o

    ----------------------------------------------------------------------
     43290       4274       7113        124       2216     877993   Object Totals
         0          0         32          0          0          0   (incl. Generated)
        38          0          6         13          6          0   (incl. Padding)

    ----------------------------------------------------------------------

      Code (inc. data)   RO Data    RW Data    ZI Data      Debug   Library Member Name

       122          0          0          0          0        148   sqrt.o
        28          0          0          0          0         68   _chval.o
       158          0          0          0          0         92   _strtoul.o
        26          0          0          0          0         80   atoi.o
         8          4        133          0          0         68   ctype_o.o
         0          0          0          0          0          0   entry.o
         0          0          0          0          0          0   entry10a.o
         0          0          0          0          0          0   entry11a.o
         4          0          0          0          0          0   entry12b.o
         8          4          0          0          0          0   entry2.o
         4          0          0          0          0          0   entry5.o
         0          0          0          0          0          0   entry7b.o
         0          0          0          0          0          0   entry8b.o
         8          4          0          0          0          0   entry9a.o
        20         10          0          4          0        136   errno.o
        30          0          0          0          0          0   handlers.o
        36          8          0          0          0         68   init.o
         0          0          0          0          0          0   iusefp.o
        30          0          0          0          0         68   llshl.o
        36          0          0          0          0         68   llsshr.o
        32          0          0          0          0         68   llushr.o
        36          0          0          0          0        108   memseta.o
      2218         90          0          0          0        464   printfa.o
        18          0          0          0          0         68   strcpy.o
        36          0          0          0          0         80   strstr.o
       112          0          0          0          0         88   strtol.o
        44          0          0          0          0         80   uidiv.o
        98          0          0          0          0         92   uldiv.o
        48          0          0          0          0         68   cdcmple.o
        48          0          0          0          0         68   cdrcmple.o
       334          0          0          0          0        148   dadd.o
       222          0          0          0          0        100   ddiv.o
       186          0          0          0          0        176   depilogue.o
        50          0          0          0          0         76   dfixui.o
        48          0          0          0          0         68   dfixul.o
        26          0          0          0          0         76   dfltui.o
       228          0          0          0          0         96   dmul.o
       162          0          0          0          0        100   dsqrt.o
        38          0          0          0          0         68   f2d.o

    ----------------------------------------------------------------------
      4506        120        135          4          0       2888   Library Totals
         4          0          2          0          0          0   (incl. Padding)

    ----------------------------------------------------------------------

      Code (inc. data)   RO Data    RW Data    ZI Data      Debug   Library Name

       122          0          0          0          0        148   m_wm.l
      2990        120        133          4          0       1696   mc_w.l
      1390          0          0          0          0       1044   mf_w.l

    ----------------------------------------------------------------------
      4506        120        135          4          0       2888   Library Totals

    ----------------------------------------------------------------------

==============================================================================


      Code (inc. data)   RO Data    RW Data    ZI Data      Debug   

     47796       4394       7248        128       2216     862881   Grand Totals
     47796       4394       7248        128       2216     862881   ELF Image Totals
     47796       4394       7248        128          0          0   ROM Totals

==============================================================================

    Total RO  Size (Code + RO Data)                55044 (  53.75kB)
    Total RW  Size (RW Data + ZI Data)              2344 (   2.29kB)
    Total ROM Size (Code + RO Data + RW Data)      55172 (  53.88kB)

==============================================================================

